http_interactions:
- request:
    method: get
    uri: https://api.tradestatistics.io/countries/
    body:
      encoding: ''
      string: ''
    headers:
      User-Agent: libcurl/7.65.3 r-curl/4.3 crul/0.9.0
      Accept-Encoding: gzip, deflate
      Accept: application/json, text/xml, application/xml, */*
  response:
    status:
      status_code: '404'
      message: Not Found
      explanation: Nothing matches the given URI
    headers:
      status: HTTP/1.1 404 Not Found
      server: nginx/1.14.0 (Ubuntu)
      date: Tue, 24 Mar 2020 16:27:40 GMT
      content-type: application/json
      content-length: '38'
      connection: keep-alive
    body:
      encoding: UTF-8
      file: no
      string: '{"error":["404 - Resource Not Found"]}'
  recorded_at: 2020-03-24 16:27:41 GMT
  recorded_with: vcr/0.5.0, webmockr/0.6.0
- request:
    method: get
    uri: https://api.tradestatistics.io/year_range
    body:
      encoding: ''
      string: ''
    headers:
      User-Agent: libcurl/7.65.3 r-curl/4.3 crul/0.9.0
      Accept-Encoding: gzip, deflate
      Accept: application/json, text/xml, application/xml, */*
  response:
    status:
      status_code: '200'
      message: OK
      explanation: Request fulfilled, document follows
    headers:
      status: HTTP/1.1 200 OK
      server: nginx/1.14.0 (Ubuntu)
      date: Tue, 24 Mar 2020 16:27:41 GMT
      content-type: application/json
      content-length: '29'
      connection: keep-alive
    body:
      encoding: UTF-8
      file: no
      string: '[{"year":1962},{"year":2018}]'
  recorded_at: 2020-03-24 16:27:41 GMT
  recorded_with: vcr/0.5.0, webmockr/0.6.0
- request:
    method: get
    uri: https://api.tradestatistics.io/yrp?y=1964&r=chl&p=prk
    body:
      encoding: ''
      string: ''
    headers:
      User-Agent: libcurl/7.65.3 r-curl/4.3 crul/0.9.0
      Accept-Encoding: gzip, deflate
      Accept: application/json, text/xml, application/xml, */*
  response:
    status:
      status_code: '200'
      message: OK
      explanation: Request fulfilled, document follows
    headers:
      status: HTTP/1.1 200 OK
      server: nginx/1.14.0 (Ubuntu)
      date: Tue, 24 Mar 2020 16:27:41 GMT
      content-type: application/json
      content-length: '121'
      connection: keep-alive
    body:
      encoding: UTF-8
      file: no
      string: '[{"year":1964,"reporter_iso":"chl","partner_iso":"prk","observation":"No
        data available for these filtering parameters"}]'
  recorded_at: 2020-03-24 16:27:41 GMT
  recorded_with: vcr/0.5.0, webmockr/0.6.0
