http_interactions:
- request:
    method: get
    uri: https://api.tradestatistics.io/yrpc?y=1964&r=chl&p=arg&c=all
    body:
      encoding: ''
      string: ''
    headers:
      User-Agent: libcurl/7.68.0 r-curl/4.3.2 crul/1.1.0
      Accept-Encoding: gzip, deflate
      Accept: application/json, text/xml, application/xml, */*
  response:
    status:
      status_code: '200'
      message: OK
      explanation: Request fulfilled, document follows
    headers:
      status: HTTP/1.1 200 OK
      server: nginx/1.18.0 (Ubuntu)
      date: Mon, 09 Aug 2021 02:56:33 GMT
      content-type: application/json
      content-length: '19493'
      connection: keep-alive
    body:
      encoding: UTF-8
      file: no
      string: '[{"year":"1964","reporter_iso":"chl","partner_iso":"arg","commodity_code":"0306","trade_value_usd_exp":105199,"trade_value_usd_imp":0},{"year":"1964","reporter_iso":"chl","partner_iso":"arg","commodity_code":"0504","trade_value_usd_exp":8399,"trade_value_usd_imp":0},{"year":"1964","reporter_iso":"chl","partner_iso":"arg","commodity_code":"0802","trade_value_usd_exp":539000,"trade_value_usd_imp":0},{"year":"1964","reporter_iso":"chl","partner_iso":"arg","commodity_code":"0804","trade_value_usd_exp":2100,"trade_value_usd_imp":0},{"year":"1964","reporter_iso":"chl","partner_iso":"arg","commodity_code":"0806","trade_value_usd_exp":7199,"trade_value_usd_imp":0},{"year":"1964","reporter_iso":"chl","partner_iso":"arg","commodity_code":"0813","trade_value_usd_exp":16000,"trade_value_usd_imp":0},{"year":"1964","reporter_iso":"chl","partner_iso":"arg","commodity_code":"1212","trade_value_usd_exp":2600,"trade_value_usd_imp":0},{"year":"1964","reporter_iso":"chl","partner_iso":"arg","commodity_code":"1302","trade_value_usd_exp":55899,"trade_value_usd_imp":1399},{"year":"1964","reporter_iso":"chl","partner_iso":"arg","commodity_code":"1519","trade_value_usd_exp":33000,"trade_value_usd_imp":0},{"year":"1964","reporter_iso":"chl","partner_iso":"arg","commodity_code":"1603","trade_value_usd_exp":2399,"trade_value_usd_imp":0},{"year":"1964","reporter_iso":"chl","partner_iso":"arg","commodity_code":"1704","trade_value_usd_exp":1600,"trade_value_usd_imp":0},{"year":"1964","reporter_iso":"chl","partner_iso":"arg","commodity_code":"2102","trade_value_usd_exp":4899,"trade_value_usd_imp":0},{"year":"1964","reporter_iso":"chl","partner_iso":"arg","commodity_code":"2104","trade_value_usd_exp":699,"trade_value_usd_imp":0},{"year":"1964","reporter_iso":"chl","partner_iso":"arg","commodity_code":"2204","trade_value_usd_exp":3199,"trade_value_usd_imp":0},{"year":"1964","reporter_iso":"chl","partner_iso":"arg","commodity_code":"2801","trade_value_usd_exp":91899,"trade_value_usd_imp":0},{"year":"1964","reporter_iso":"chl","partner_iso":"arg","commodity_code":"2805","trade_value_usd_exp":5100,"trade_value_usd_imp":0},{"year":"1964","reporter_iso":"chl","partner_iso":"arg","commodity_code":"2901","trade_value_usd_exp":1276300,"trade_value_usd_imp":0},{"year":"1964","reporter_iso":"chl","partner_iso":"arg","commodity_code":"3001","trade_value_usd_exp":1325199,"trade_value_usd_imp":28598},{"year":"1964","reporter_iso":"chl","partner_iso":"arg","commodity_code":"4016","trade_value_usd_exp":1600,"trade_value_usd_imp":14100},{"year":"1964","reporter_iso":"chl","partner_iso":"arg","commodity_code":"4403","trade_value_usd_exp":892000,"trade_value_usd_imp":0},{"year":"1964","reporter_iso":"chl","partner_iso":"arg","commodity_code":"4407","trade_value_usd_exp":553600,"trade_value_usd_imp":0},{"year":"1964","reporter_iso":"chl","partner_iso":"arg","commodity_code":"4409","trade_value_usd_exp":29199,"trade_value_usd_imp":0},{"year":"1964","reporter_iso":"chl","partner_iso":"arg","commodity_code":"6809","trade_value_usd_exp":4100,"trade_value_usd_imp":0},{"year":"1964","reporter_iso":"chl","partner_iso":"arg","commodity_code":"6902","trade_value_usd_exp":20399,"trade_value_usd_imp":24000},{"year":"1964","reporter_iso":"chl","partner_iso":"arg","commodity_code":"7208","trade_value_usd_exp":1359600,"trade_value_usd_imp":2100},{"year":"1964","reporter_iso":"chl","partner_iso":"arg","commodity_code":"7211","trade_value_usd_exp":43600,"trade_value_usd_imp":0},{"year":"1964","reporter_iso":"chl","partner_iso":"arg","commodity_code":"7311","trade_value_usd_exp":14399,"trade_value_usd_imp":0},{"year":"1964","reporter_iso":"chl","partner_iso":"arg","commodity_code":"7402","trade_value_usd_exp":9995300,"trade_value_usd_imp":0},{"year":"1964","reporter_iso":"chl","partner_iso":"arg","commodity_code":"7407","trade_value_usd_exp":249199,"trade_value_usd_imp":0},{"year":"1964","reporter_iso":"chl","partner_iso":"arg","commodity_code":"8506","trade_value_usd_exp":799,"trade_value_usd_imp":9399},{"year":"1964","reporter_iso":"chl","partner_iso":"arg","commodity_code":"0506","trade_value_usd_exp":0,"trade_value_usd_imp":143100},{"year":"1964","reporter_iso":"chl","partner_iso":"arg","commodity_code":"0604","trade_value_usd_exp":0,"trade_value_usd_imp":1300},{"year":"1964","reporter_iso":"chl","partner_iso":"arg","commodity_code":"1101","trade_value_usd_exp":0,"trade_value_usd_imp":6800},{"year":"1964","reporter_iso":"chl","partner_iso":"arg","commodity_code":"1213","trade_value_usd_exp":0,"trade_value_usd_imp":1500},{"year":"1964","reporter_iso":"chl","partner_iso":"arg","commodity_code":"1501","trade_value_usd_exp":0,"trade_value_usd_imp":2399},{"year":"1964","reporter_iso":"chl","partner_iso":"arg","commodity_code":"1502","trade_value_usd_exp":0,"trade_value_usd_imp":627899},{"year":"1964","reporter_iso":"chl","partner_iso":"arg","commodity_code":"2103","trade_value_usd_exp":0,"trade_value_usd_imp":1399},{"year":"1964","reporter_iso":"chl","partner_iso":"arg","commodity_code":"2309","trade_value_usd_exp":0,"trade_value_usd_imp":1899},{"year":"1964","reporter_iso":"chl","partner_iso":"arg","commodity_code":"2504","trade_value_usd_exp":0,"trade_value_usd_imp":1500},{"year":"1964","reporter_iso":"chl","partner_iso":"arg","commodity_code":"2507","trade_value_usd_exp":0,"trade_value_usd_imp":66500},{"year":"1964","reporter_iso":"chl","partner_iso":"arg","commodity_code":"2511","trade_value_usd_exp":0,"trade_value_usd_imp":699},{"year":"1964","reporter_iso":"chl","partner_iso":"arg","commodity_code":"2513","trade_value_usd_exp":0,"trade_value_usd_imp":1800},{"year":"1964","reporter_iso":"chl","partner_iso":"arg","commodity_code":"2518","trade_value_usd_exp":0,"trade_value_usd_imp":21800},{"year":"1964","reporter_iso":"chl","partner_iso":"arg","commodity_code":"2525","trade_value_usd_exp":0,"trade_value_usd_imp":4199},{"year":"1964","reporter_iso":"chl","partner_iso":"arg","commodity_code":"2526","trade_value_usd_exp":0,"trade_value_usd_imp":5199},{"year":"1964","reporter_iso":"chl","partner_iso":"arg","commodity_code":"2527","trade_value_usd_exp":0,"trade_value_usd_imp":12000},{"year":"1964","reporter_iso":"chl","partner_iso":"arg","commodity_code":"2529","trade_value_usd_exp":0,"trade_value_usd_imp":29300},{"year":"1964","reporter_iso":"chl","partner_iso":"arg","commodity_code":"2712","trade_value_usd_exp":0,"trade_value_usd_imp":65000},{"year":"1964","reporter_iso":"chl","partner_iso":"arg","commodity_code":"2803","trade_value_usd_exp":0,"trade_value_usd_imp":69399},{"year":"1964","reporter_iso":"chl","partner_iso":"arg","commodity_code":"2814","trade_value_usd_exp":0,"trade_value_usd_imp":17100},{"year":"1964","reporter_iso":"chl","partner_iso":"arg","commodity_code":"2819","trade_value_usd_exp":0,"trade_value_usd_imp":10699},{"year":"1964","reporter_iso":"chl","partner_iso":"arg","commodity_code":"2825","trade_value_usd_exp":0,"trade_value_usd_imp":35297},{"year":"1964","reporter_iso":"chl","partner_iso":"arg","commodity_code":"2903","trade_value_usd_exp":0,"trade_value_usd_imp":15300},{"year":"1964","reporter_iso":"chl","partner_iso":"arg","commodity_code":"2905","trade_value_usd_exp":0,"trade_value_usd_imp":2300},{"year":"1964","reporter_iso":"chl","partner_iso":"arg","commodity_code":"2906","trade_value_usd_exp":0,"trade_value_usd_imp":5500},{"year":"1964","reporter_iso":"chl","partner_iso":"arg","commodity_code":"2915","trade_value_usd_exp":0,"trade_value_usd_imp":4100},{"year":"1964","reporter_iso":"chl","partner_iso":"arg","commodity_code":"2919","trade_value_usd_exp":0,"trade_value_usd_imp":699},{"year":"1964","reporter_iso":"chl","partner_iso":"arg","commodity_code":"2921","trade_value_usd_exp":0,"trade_value_usd_imp":27800},{"year":"1964","reporter_iso":"chl","partner_iso":"arg","commodity_code":"2938","trade_value_usd_exp":0,"trade_value_usd_imp":22899},{"year":"1964","reporter_iso":"chl","partner_iso":"arg","commodity_code":"3204","trade_value_usd_exp":0,"trade_value_usd_imp":18899},{"year":"1964","reporter_iso":"chl","partner_iso":"arg","commodity_code":"3207","trade_value_usd_exp":0,"trade_value_usd_imp":5899},{"year":"1964","reporter_iso":"chl","partner_iso":"arg","commodity_code":"3209","trade_value_usd_exp":0,"trade_value_usd_imp":1500},{"year":"1964","reporter_iso":"chl","partner_iso":"arg","commodity_code":"3501","trade_value_usd_exp":0,"trade_value_usd_imp":42399},{"year":"1964","reporter_iso":"chl","partner_iso":"arg","commodity_code":"3701","trade_value_usd_exp":0,"trade_value_usd_imp":45898},{"year":"1964","reporter_iso":"chl","partner_iso":"arg","commodity_code":"3702","trade_value_usd_exp":0,"trade_value_usd_imp":30500},{"year":"1964","reporter_iso":"chl","partner_iso":"arg","commodity_code":"3706","trade_value_usd_exp":0,"trade_value_usd_imp":41800},{"year":"1964","reporter_iso":"chl","partner_iso":"arg","commodity_code":"3810","trade_value_usd_exp":0,"trade_value_usd_imp":44699},{"year":"1964","reporter_iso":"chl","partner_iso":"arg","commodity_code":"3811","trade_value_usd_exp":0,"trade_value_usd_imp":8199},{"year":"1964","reporter_iso":"chl","partner_iso":"arg","commodity_code":"3813","trade_value_usd_exp":0,"trade_value_usd_imp":91899},{"year":"1964","reporter_iso":"chl","partner_iso":"arg","commodity_code":"3815","trade_value_usd_exp":0,"trade_value_usd_imp":47199},{"year":"1964","reporter_iso":"chl","partner_iso":"arg","commodity_code":"3823","trade_value_usd_exp":0,"trade_value_usd_imp":3000},{"year":"1964","reporter_iso":"chl","partner_iso":"arg","commodity_code":"3919","trade_value_usd_exp":0,"trade_value_usd_imp":4199},{"year":"1964","reporter_iso":"chl","partner_iso":"arg","commodity_code":"4001","trade_value_usd_exp":0,"trade_value_usd_imp":112199},{"year":"1964","reporter_iso":"chl","partner_iso":"arg","commodity_code":"4202","trade_value_usd_exp":0,"trade_value_usd_imp":7600},{"year":"1964","reporter_iso":"chl","partner_iso":"arg","commodity_code":"4504","trade_value_usd_exp":0,"trade_value_usd_imp":3500},{"year":"1964","reporter_iso":"chl","partner_iso":"arg","commodity_code":"4804","trade_value_usd_exp":0,"trade_value_usd_imp":21300},{"year":"1964","reporter_iso":"chl","partner_iso":"arg","commodity_code":"4818","trade_value_usd_exp":0,"trade_value_usd_imp":2699},{"year":"1964","reporter_iso":"chl","partner_iso":"arg","commodity_code":"4901","trade_value_usd_exp":0,"trade_value_usd_imp":1234500},{"year":"1964","reporter_iso":"chl","partner_iso":"arg","commodity_code":"5905","trade_value_usd_exp":0,"trade_value_usd_imp":14100},{"year":"1964","reporter_iso":"chl","partner_iso":"arg","commodity_code":"6804","trade_value_usd_exp":0,"trade_value_usd_imp":1000},{"year":"1964","reporter_iso":"chl","partner_iso":"arg","commodity_code":"6812","trade_value_usd_exp":0,"trade_value_usd_imp":30000},{"year":"1964","reporter_iso":"chl","partner_iso":"arg","commodity_code":"7002","trade_value_usd_exp":0,"trade_value_usd_imp":9000},{"year":"1964","reporter_iso":"chl","partner_iso":"arg","commodity_code":"7010","trade_value_usd_exp":0,"trade_value_usd_imp":4699},{"year":"1964","reporter_iso":"chl","partner_iso":"arg","commodity_code":"7019","trade_value_usd_exp":0,"trade_value_usd_imp":799},{"year":"1964","reporter_iso":"chl","partner_iso":"arg","commodity_code":"7221","trade_value_usd_exp":0,"trade_value_usd_imp":9800},{"year":"1964","reporter_iso":"chl","partner_iso":"arg","commodity_code":"7312","trade_value_usd_exp":0,"trade_value_usd_imp":222699},{"year":"1964","reporter_iso":"chl","partner_iso":"arg","commodity_code":"7314","trade_value_usd_exp":0,"trade_value_usd_imp":2300},{"year":"1964","reporter_iso":"chl","partner_iso":"arg","commodity_code":"7317","trade_value_usd_exp":0,"trade_value_usd_imp":699},{"year":"1964","reporter_iso":"chl","partner_iso":"arg","commodity_code":"7318","trade_value_usd_exp":0,"trade_value_usd_imp":599},{"year":"1964","reporter_iso":"chl","partner_iso":"arg","commodity_code":"7321","trade_value_usd_exp":0,"trade_value_usd_imp":599},{"year":"1964","reporter_iso":"chl","partner_iso":"arg","commodity_code":"7412","trade_value_usd_exp":0,"trade_value_usd_imp":1199},{"year":"1964","reporter_iso":"chl","partner_iso":"arg","commodity_code":"7414","trade_value_usd_exp":0,"trade_value_usd_imp":5699},{"year":"1964","reporter_iso":"chl","partner_iso":"arg","commodity_code":"7505","trade_value_usd_exp":0,"trade_value_usd_imp":8399},{"year":"1964","reporter_iso":"chl","partner_iso":"arg","commodity_code":"7604","trade_value_usd_exp":0,"trade_value_usd_imp":2300},{"year":"1964","reporter_iso":"chl","partner_iso":"arg","commodity_code":"7607","trade_value_usd_exp":0,"trade_value_usd_imp":4500},{"year":"1964","reporter_iso":"chl","partner_iso":"arg","commodity_code":"8004","trade_value_usd_exp":0,"trade_value_usd_imp":599},{"year":"1964","reporter_iso":"chl","partner_iso":"arg","commodity_code":"8201","trade_value_usd_exp":0,"trade_value_usd_imp":699},{"year":"1964","reporter_iso":"chl","partner_iso":"arg","commodity_code":"8202","trade_value_usd_exp":0,"trade_value_usd_imp":6699},{"year":"1964","reporter_iso":"chl","partner_iso":"arg","commodity_code":"8204","trade_value_usd_exp":0,"trade_value_usd_imp":80999},{"year":"1964","reporter_iso":"chl","partner_iso":"arg","commodity_code":"8205","trade_value_usd_exp":0,"trade_value_usd_imp":25000},{"year":"1964","reporter_iso":"chl","partner_iso":"arg","commodity_code":"8209","trade_value_usd_exp":0,"trade_value_usd_imp":2500},{"year":"1964","reporter_iso":"chl","partner_iso":"arg","commodity_code":"8212","trade_value_usd_exp":0,"trade_value_usd_imp":180699},{"year":"1964","reporter_iso":"chl","partner_iso":"arg","commodity_code":"8213","trade_value_usd_exp":0,"trade_value_usd_imp":2399},{"year":"1964","reporter_iso":"chl","partner_iso":"arg","commodity_code":"8215","trade_value_usd_exp":0,"trade_value_usd_imp":10100},{"year":"1964","reporter_iso":"chl","partner_iso":"arg","commodity_code":"8311","trade_value_usd_exp":0,"trade_value_usd_imp":2300},{"year":"1964","reporter_iso":"chl","partner_iso":"arg","commodity_code":"8401","trade_value_usd_exp":0,"trade_value_usd_imp":23899},{"year":"1964","reporter_iso":"chl","partner_iso":"arg","commodity_code":"8413","trade_value_usd_exp":0,"trade_value_usd_imp":3199},{"year":"1964","reporter_iso":"chl","partner_iso":"arg","commodity_code":"8414","trade_value_usd_exp":0,"trade_value_usd_imp":25600},{"year":"1964","reporter_iso":"chl","partner_iso":"arg","commodity_code":"8418","trade_value_usd_exp":0,"trade_value_usd_imp":16199},{"year":"1964","reporter_iso":"chl","partner_iso":"arg","commodity_code":"8419","trade_value_usd_exp":0,"trade_value_usd_imp":96199},{"year":"1964","reporter_iso":"chl","partner_iso":"arg","commodity_code":"8422","trade_value_usd_exp":0,"trade_value_usd_imp":336800},{"year":"1964","reporter_iso":"chl","partner_iso":"arg","commodity_code":"8424","trade_value_usd_exp":0,"trade_value_usd_imp":101899},{"year":"1964","reporter_iso":"chl","partner_iso":"arg","commodity_code":"8425","trade_value_usd_exp":0,"trade_value_usd_imp":4899},{"year":"1964","reporter_iso":"chl","partner_iso":"arg","commodity_code":"8428","trade_value_usd_exp":0,"trade_value_usd_imp":23899},{"year":"1964","reporter_iso":"chl","partner_iso":"arg","commodity_code":"8429","trade_value_usd_exp":0,"trade_value_usd_imp":34000},{"year":"1964","reporter_iso":"chl","partner_iso":"arg","commodity_code":"8430","trade_value_usd_exp":0,"trade_value_usd_imp":1800},{"year":"1964","reporter_iso":"chl","partner_iso":"arg","commodity_code":"8434","trade_value_usd_exp":0,"trade_value_usd_imp":6899},{"year":"1964","reporter_iso":"chl","partner_iso":"arg","commodity_code":"8435","trade_value_usd_exp":0,"trade_value_usd_imp":5699},{"year":"1964","reporter_iso":"chl","partner_iso":"arg","commodity_code":"8441","trade_value_usd_exp":0,"trade_value_usd_imp":8300},{"year":"1964","reporter_iso":"chl","partner_iso":"arg","commodity_code":"8443","trade_value_usd_exp":0,"trade_value_usd_imp":3399},{"year":"1964","reporter_iso":"chl","partner_iso":"arg","commodity_code":"8444","trade_value_usd_exp":0,"trade_value_usd_imp":39100},{"year":"1964","reporter_iso":"chl","partner_iso":"arg","commodity_code":"8446","trade_value_usd_exp":0,"trade_value_usd_imp":92100},{"year":"1964","reporter_iso":"chl","partner_iso":"arg","commodity_code":"8448","trade_value_usd_exp":0,"trade_value_usd_imp":4199},{"year":"1964","reporter_iso":"chl","partner_iso":"arg","commodity_code":"8450","trade_value_usd_exp":0,"trade_value_usd_imp":699},{"year":"1964","reporter_iso":"chl","partner_iso":"arg","commodity_code":"8472","trade_value_usd_exp":0,"trade_value_usd_imp":3000},{"year":"1964","reporter_iso":"chl","partner_iso":"arg","commodity_code":"8474","trade_value_usd_exp":0,"trade_value_usd_imp":5100},{"year":"1964","reporter_iso":"chl","partner_iso":"arg","commodity_code":"8475","trade_value_usd_exp":0,"trade_value_usd_imp":3600},{"year":"1964","reporter_iso":"chl","partner_iso":"arg","commodity_code":"8481","trade_value_usd_exp":0,"trade_value_usd_imp":104100},{"year":"1964","reporter_iso":"chl","partner_iso":"arg","commodity_code":"8484","trade_value_usd_exp":0,"trade_value_usd_imp":77600},{"year":"1964","reporter_iso":"chl","partner_iso":"arg","commodity_code":"8505","trade_value_usd_exp":0,"trade_value_usd_imp":11699},{"year":"1964","reporter_iso":"chl","partner_iso":"arg","commodity_code":"8513","trade_value_usd_exp":0,"trade_value_usd_imp":1199},{"year":"1964","reporter_iso":"chl","partner_iso":"arg","commodity_code":"8516","trade_value_usd_exp":0,"trade_value_usd_imp":2500},{"year":"1964","reporter_iso":"chl","partner_iso":"arg","commodity_code":"8519","trade_value_usd_exp":0,"trade_value_usd_imp":599},{"year":"1964","reporter_iso":"chl","partner_iso":"arg","commodity_code":"8544","trade_value_usd_exp":0,"trade_value_usd_imp":3100},{"year":"1964","reporter_iso":"chl","partner_iso":"arg","commodity_code":"8547","trade_value_usd_exp":0,"trade_value_usd_imp":3000},{"year":"1964","reporter_iso":"chl","partner_iso":"arg","commodity_code":"8706","trade_value_usd_exp":0,"trade_value_usd_imp":799},{"year":"1964","reporter_iso":"chl","partner_iso":"arg","commodity_code":"9019","trade_value_usd_exp":0,"trade_value_usd_imp":699},{"year":"1964","reporter_iso":"chl","partner_iso":"arg","commodity_code":"9024","trade_value_usd_exp":0,"trade_value_usd_imp":1899},{"year":"1964","reporter_iso":"chl","partner_iso":"arg","commodity_code":"9025","trade_value_usd_exp":0,"trade_value_usd_imp":599},{"year":"1964","reporter_iso":"chl","partner_iso":"arg","commodity_code":"9026","trade_value_usd_exp":0,"trade_value_usd_imp":44100},{"year":"1964","reporter_iso":"chl","partner_iso":"arg","commodity_code":"9027","trade_value_usd_exp":0,"trade_value_usd_imp":699},{"year":"1964","reporter_iso":"chl","partner_iso":"arg","commodity_code":"9028","trade_value_usd_exp":0,"trade_value_usd_imp":2699},{"year":"1964","reporter_iso":"chl","partner_iso":"arg","commodity_code":"9209","trade_value_usd_exp":0,"trade_value_usd_imp":599},{"year":"1964","reporter_iso":"chl","partner_iso":"arg","commodity_code":"9403","trade_value_usd_exp":0,"trade_value_usd_imp":6899},{"year":"1964","reporter_iso":"chl","partner_iso":"arg","commodity_code":"9404","trade_value_usd_exp":0,"trade_value_usd_imp":599},{"year":"1964","reporter_iso":"chl","partner_iso":"arg","commodity_code":"9405","trade_value_usd_exp":0,"trade_value_usd_imp":3000},{"year":"1964","reporter_iso":"chl","partner_iso":"arg","commodity_code":"9504","trade_value_usd_exp":0,"trade_value_usd_imp":799}]'
  recorded_at: 2021-08-09 02:56:39 GMT
  recorded_with: vcr/1.0.2, webmockr/0.8.0
- request:
    method: get
    uri: https://api.tradestatistics.io/yrp?y=1964&r=chl&p=arg
    body:
      encoding: ''
      string: ''
    headers:
      User-Agent: libcurl/7.68.0 r-curl/4.3.2 crul/1.1.0
      Accept-Encoding: gzip, deflate
      Accept: application/json, text/xml, application/xml, */*
  response:
    status:
      status_code: '200'
      message: OK
      explanation: Request fulfilled, document follows
    headers:
      status: HTTP/1.1 200 OK
      server: nginx/1.18.0 (Ubuntu)
      date: Mon, 09 Aug 2021 02:56:34 GMT
      content-type: application/json
      content-length: '119'
      connection: keep-alive
    body:
      encoding: UTF-8
      file: no
      string: '[{"year":"1964","reporter_iso":"chl","partner_iso":"arg","trade_value_usd_exp":16644485,"trade_value_usd_imp":4790930}]'
  recorded_at: 2021-08-09 02:56:39 GMT
  recorded_with: vcr/1.0.2, webmockr/0.8.0
- request:
    method: get
    uri: https://api.tradestatistics.io/yrc?y=1964&r=chl&c=all
    body:
      encoding: ''
      string: ''
    headers:
      User-Agent: libcurl/7.68.0 r-curl/4.3.2 crul/1.1.0
      Accept-Encoding: gzip, deflate
      Accept: application/json, text/xml, application/xml, */*
  response:
    status:
      status_code: '200'
      message: OK
      explanation: Request fulfilled, document follows
    headers:
      status: HTTP/1.1 200 OK
      server: nginx/1.18.0 (Ubuntu)
      date: Mon, 09 Aug 2021 02:56:35 GMT
      content-type: application/json
      content-length: '56475'
      connection: keep-alive
    body:
      encoding: UTF-8
      file: no
      string: '[{"year":"1964","reporter_iso":"chl","commodity_code":"0208","trade_value_usd_exp":62600,"trade_value_usd_imp":17997},{"year":"1964","reporter_iso":"chl","commodity_code":"0306","trade_value_usd_exp":312992,"trade_value_usd_imp":3896},{"year":"1964","reporter_iso":"chl","commodity_code":"0403","trade_value_usd_exp":1,"trade_value_usd_imp":479194},{"year":"1964","reporter_iso":"chl","commodity_code":"0410","trade_value_usd_exp":0,"trade_value_usd_imp":99},{"year":"1964","reporter_iso":"chl","commodity_code":"0501","trade_value_usd_exp":0,"trade_value_usd_imp":199},{"year":"1964","reporter_iso":"chl","commodity_code":"0502","trade_value_usd_exp":109000,"trade_value_usd_imp":13297},{"year":"1964","reporter_iso":"chl","commodity_code":"0503","trade_value_usd_exp":81499,"trade_value_usd_imp":3899},{"year":"1964","reporter_iso":"chl","commodity_code":"0504","trade_value_usd_exp":165495,"trade_value_usd_imp":0},{"year":"1964","reporter_iso":"chl","commodity_code":"0505","trade_value_usd_exp":1899,"trade_value_usd_imp":0},{"year":"1964","reporter_iso":"chl","commodity_code":"0506","trade_value_usd_exp":0,"trade_value_usd_imp":143100},{"year":"1964","reporter_iso":"chl","commodity_code":"0507","trade_value_usd_exp":16299,"trade_value_usd_imp":0},{"year":"1964","reporter_iso":"chl","commodity_code":"0508","trade_value_usd_exp":99,"trade_value_usd_imp":0},{"year":"1964","reporter_iso":"chl","commodity_code":"0601","trade_value_usd_exp":2500,"trade_value_usd_imp":3300},{"year":"1964","reporter_iso":"chl","commodity_code":"0602","trade_value_usd_exp":2,"trade_value_usd_imp":0},{"year":"1964","reporter_iso":"chl","commodity_code":"0604","trade_value_usd_exp":0,"trade_value_usd_imp":1300},{"year":"1964","reporter_iso":"chl","commodity_code":"0711","trade_value_usd_exp":39399,"trade_value_usd_imp":29692},{"year":"1964","reporter_iso":"chl","commodity_code":"0801","trade_value_usd_exp":9600,"trade_value_usd_imp":44196},{"year":"1964","reporter_iso":"chl","commodity_code":"0802","trade_value_usd_exp":988899,"trade_value_usd_imp":0},{"year":"1964","reporter_iso":"chl","commodity_code":"0804","trade_value_usd_exp":2100,"trade_value_usd_imp":240500},{"year":"1964","reporter_iso":"chl","commodity_code":"0806","trade_value_usd_exp":59298,"trade_value_usd_imp":299},{"year":"1964","reporter_iso":"chl","commodity_code":"0807","trade_value_usd_exp":1210391,"trade_value_usd_imp":40101},{"year":"1964","reporter_iso":"chl","commodity_code":"0808","trade_value_usd_exp":358894,"trade_value_usd_imp":0},{"year":"1964","reporter_iso":"chl","commodity_code":"0809","trade_value_usd_exp":785195,"trade_value_usd_imp":0},{"year":"1964","reporter_iso":"chl","commodity_code":"0813","trade_value_usd_exp":568394,"trade_value_usd_imp":14999},{"year":"1964","reporter_iso":"chl","commodity_code":"0905","trade_value_usd_exp":0,"trade_value_usd_imp":14298},{"year":"1964","reporter_iso":"chl","commodity_code":"0906","trade_value_usd_exp":0,"trade_value_usd_imp":42898},{"year":"1964","reporter_iso":"chl","commodity_code":"0907","trade_value_usd_exp":0,"trade_value_usd_imp":5398},{"year":"1964","reporter_iso":"chl","commodity_code":"0908","trade_value_usd_exp":0,"trade_value_usd_imp":3095},{"year":"1964","reporter_iso":"chl","commodity_code":"0909","trade_value_usd_exp":0,"trade_value_usd_imp":3094},{"year":"1964","reporter_iso":"chl","commodity_code":"0910","trade_value_usd_exp":0,"trade_value_usd_imp":7596},{"year":"1964","reporter_iso":"chl","commodity_code":"1101","trade_value_usd_exp":99,"trade_value_usd_imp":2094798},{"year":"1964","reporter_iso":"chl","commodity_code":"1102","trade_value_usd_exp":0,"trade_value_usd_imp":434000},{"year":"1964","reporter_iso":"chl","commodity_code":"1103","trade_value_usd_exp":0,"trade_value_usd_imp":3899},{"year":"1964","reporter_iso":"chl","commodity_code":"1104","trade_value_usd_exp":1300,"trade_value_usd_imp":199698},{"year":"1964","reporter_iso":"chl","commodity_code":"1106","trade_value_usd_exp":0,"trade_value_usd_imp":15101},{"year":"1964","reporter_iso":"chl","commodity_code":"1108","trade_value_usd_exp":0,"trade_value_usd_imp":5598},{"year":"1964","reporter_iso":"chl","commodity_code":"1210","trade_value_usd_exp":0,"trade_value_usd_imp":266600},{"year":"1964","reporter_iso":"chl","commodity_code":"1212","trade_value_usd_exp":812097,"trade_value_usd_imp":0},{"year":"1964","reporter_iso":"chl","commodity_code":"1213","trade_value_usd_exp":0,"trade_value_usd_imp":3199},{"year":"1964","reporter_iso":"chl","commodity_code":"1302","trade_value_usd_exp":55899,"trade_value_usd_imp":61693},{"year":"1964","reporter_iso":"chl","commodity_code":"1402","trade_value_usd_exp":0,"trade_value_usd_imp":106699},{"year":"1964","reporter_iso":"chl","commodity_code":"1501","trade_value_usd_exp":0,"trade_value_usd_imp":34594},{"year":"1964","reporter_iso":"chl","commodity_code":"1502","trade_value_usd_exp":1199,"trade_value_usd_imp":1228196},{"year":"1964","reporter_iso":"chl","commodity_code":"1503","trade_value_usd_exp":0,"trade_value_usd_imp":30600},{"year":"1964","reporter_iso":"chl","commodity_code":"1505","trade_value_usd_exp":0,"trade_value_usd_imp":9898},{"year":"1964","reporter_iso":"chl","commodity_code":"1515","trade_value_usd_exp":0,"trade_value_usd_imp":85097},{"year":"1964","reporter_iso":"chl","commodity_code":"1516","trade_value_usd_exp":0,"trade_value_usd_imp":91497},{"year":"1964","reporter_iso":"chl","commodity_code":"1517","trade_value_usd_exp":0,"trade_value_usd_imp":166397},{"year":"1964","reporter_iso":"chl","commodity_code":"1519","trade_value_usd_exp":33000,"trade_value_usd_imp":67299},{"year":"1964","reporter_iso":"chl","commodity_code":"1520","trade_value_usd_exp":0,"trade_value_usd_imp":114098},{"year":"1964","reporter_iso":"chl","commodity_code":"1521","trade_value_usd_exp":347297,"trade_value_usd_imp":1796},{"year":"1964","reporter_iso":"chl","commodity_code":"1603","trade_value_usd_exp":2400,"trade_value_usd_imp":40892},{"year":"1964","reporter_iso":"chl","commodity_code":"1702","trade_value_usd_exp":0,"trade_value_usd_imp":7998},{"year":"1964","reporter_iso":"chl","commodity_code":"1704","trade_value_usd_exp":2999,"trade_value_usd_imp":72998},{"year":"1964","reporter_iso":"chl","commodity_code":"1803","trade_value_usd_exp":0,"trade_value_usd_imp":99},{"year":"1964","reporter_iso":"chl","commodity_code":"1804","trade_value_usd_exp":0,"trade_value_usd_imp":284798},{"year":"1964","reporter_iso":"chl","commodity_code":"1901","trade_value_usd_exp":0,"trade_value_usd_imp":89497},{"year":"1964","reporter_iso":"chl","commodity_code":"1903","trade_value_usd_exp":0,"trade_value_usd_imp":4998},{"year":"1964","reporter_iso":"chl","commodity_code":"1904","trade_value_usd_exp":0,"trade_value_usd_imp":15997},{"year":"1964","reporter_iso":"chl","commodity_code":"1905","trade_value_usd_exp":0,"trade_value_usd_imp":32895},{"year":"1964","reporter_iso":"chl","commodity_code":"2001","trade_value_usd_exp":1399,"trade_value_usd_imp":10595},{"year":"1964","reporter_iso":"chl","commodity_code":"2102","trade_value_usd_exp":4899,"trade_value_usd_imp":84296},{"year":"1964","reporter_iso":"chl","commodity_code":"2103","trade_value_usd_exp":0,"trade_value_usd_imp":18692},{"year":"1964","reporter_iso":"chl","commodity_code":"2104","trade_value_usd_exp":699,"trade_value_usd_imp":71792},{"year":"1964","reporter_iso":"chl","commodity_code":"2201","trade_value_usd_exp":0,"trade_value_usd_imp":10199},{"year":"1964","reporter_iso":"chl","commodity_code":"2204","trade_value_usd_exp":915096,"trade_value_usd_imp":16895},{"year":"1964","reporter_iso":"chl","commodity_code":"2205","trade_value_usd_exp":4000,"trade_value_usd_imp":6295},{"year":"1964","reporter_iso":"chl","commodity_code":"2207","trade_value_usd_exp":0,"trade_value_usd_imp":4297},{"year":"1964","reporter_iso":"chl","commodity_code":"2209","trade_value_usd_exp":0,"trade_value_usd_imp":600},{"year":"1964","reporter_iso":"chl","commodity_code":"2309","trade_value_usd_exp":0,"trade_value_usd_imp":26197},{"year":"1964","reporter_iso":"chl","commodity_code":"2504","trade_value_usd_exp":0,"trade_value_usd_imp":38200},{"year":"1964","reporter_iso":"chl","commodity_code":"2506","trade_value_usd_exp":0,"trade_value_usd_imp":1399},{"year":"1964","reporter_iso":"chl","commodity_code":"2507","trade_value_usd_exp":0,"trade_value_usd_imp":284495},{"year":"1964","reporter_iso":"chl","commodity_code":"2509","trade_value_usd_exp":0,"trade_value_usd_imp":2000},{"year":"1964","reporter_iso":"chl","commodity_code":"2511","trade_value_usd_exp":0,"trade_value_usd_imp":71096},{"year":"1964","reporter_iso":"chl","commodity_code":"2512","trade_value_usd_exp":0,"trade_value_usd_imp":73798},{"year":"1964","reporter_iso":"chl","commodity_code":"2513","trade_value_usd_exp":0,"trade_value_usd_imp":37798},{"year":"1964","reporter_iso":"chl","commodity_code":"2515","trade_value_usd_exp":2199,"trade_value_usd_imp":1800},{"year":"1964","reporter_iso":"chl","commodity_code":"2516","trade_value_usd_exp":0,"trade_value_usd_imp":21399},{"year":"1964","reporter_iso":"chl","commodity_code":"2518","trade_value_usd_exp":0,"trade_value_usd_imp":1452600},{"year":"1964","reporter_iso":"chl","commodity_code":"2519","trade_value_usd_exp":0,"trade_value_usd_imp":750996},{"year":"1964","reporter_iso":"chl","commodity_code":"2520","trade_value_usd_exp":99,"trade_value_usd_imp":597},{"year":"1964","reporter_iso":"chl","commodity_code":"2525","trade_value_usd_exp":0,"trade_value_usd_imp":21298},{"year":"1964","reporter_iso":"chl","commodity_code":"2526","trade_value_usd_exp":0,"trade_value_usd_imp":15097},{"year":"1964","reporter_iso":"chl","commodity_code":"2527","trade_value_usd_exp":0,"trade_value_usd_imp":395696},{"year":"1964","reporter_iso":"chl","commodity_code":"2528","trade_value_usd_exp":0,"trade_value_usd_imp":1},{"year":"1964","reporter_iso":"chl","commodity_code":"2529","trade_value_usd_exp":0,"trade_value_usd_imp":94500},{"year":"1964","reporter_iso":"chl","commodity_code":"2603","trade_value_usd_exp":12095199,"trade_value_usd_imp":0},{"year":"1964","reporter_iso":"chl","commodity_code":"2613","trade_value_usd_exp":24269798,"trade_value_usd_imp":23399},{"year":"1964","reporter_iso":"chl","commodity_code":"2616","trade_value_usd_exp":4811298,"trade_value_usd_imp":0},{"year":"1964","reporter_iso":"chl","commodity_code":"2619","trade_value_usd_exp":0,"trade_value_usd_imp":130100},{"year":"1964","reporter_iso":"chl","commodity_code":"2620","trade_value_usd_exp":187400,"trade_value_usd_imp":0},{"year":"1964","reporter_iso":"chl","commodity_code":"2709","trade_value_usd_exp":0,"trade_value_usd_imp":12098897},{"year":"1964","reporter_iso":"chl","commodity_code":"2710","trade_value_usd_exp":2798,"trade_value_usd_imp":6397392},{"year":"1964","reporter_iso":"chl","commodity_code":"2712","trade_value_usd_exp":47699,"trade_value_usd_imp":1288694},{"year":"1964","reporter_iso":"chl","commodity_code":"2801","trade_value_usd_exp":3148295,"trade_value_usd_imp":2896},{"year":"1964","reporter_iso":"chl","commodity_code":"2802","trade_value_usd_exp":0,"trade_value_usd_imp":499},{"year":"1964","reporter_iso":"chl","commodity_code":"2803","trade_value_usd_exp":0,"trade_value_usd_imp":1127993},{"year":"1964","reporter_iso":"chl","commodity_code":"2804","trade_value_usd_exp":0,"trade_value_usd_imp":98993},{"year":"1964","reporter_iso":"chl","commodity_code":"2805","trade_value_usd_exp":5100,"trade_value_usd_imp":3297},{"year":"1964","reporter_iso":"chl","commodity_code":"2806","trade_value_usd_exp":0,"trade_value_usd_imp":4700},{"year":"1964","reporter_iso":"chl","commodity_code":"2807","trade_value_usd_exp":13199,"trade_value_usd_imp":4997},{"year":"1964","reporter_iso":"chl","commodity_code":"2808","trade_value_usd_exp":0,"trade_value_usd_imp":5099},{"year":"1964","reporter_iso":"chl","commodity_code":"2809","trade_value_usd_exp":0,"trade_value_usd_imp":223194},{"year":"1964","reporter_iso":"chl","commodity_code":"2810","trade_value_usd_exp":0,"trade_value_usd_imp":396},{"year":"1964","reporter_iso":"chl","commodity_code":"2812","trade_value_usd_exp":0,"trade_value_usd_imp":99},{"year":"1964","reporter_iso":"chl","commodity_code":"2813","trade_value_usd_exp":0,"trade_value_usd_imp":298},{"year":"1964","reporter_iso":"chl","commodity_code":"2814","trade_value_usd_exp":0,"trade_value_usd_imp":62099},{"year":"1964","reporter_iso":"chl","commodity_code":"2815","trade_value_usd_exp":0,"trade_value_usd_imp":1206393},{"year":"1964","reporter_iso":"chl","commodity_code":"2816","trade_value_usd_exp":0,"trade_value_usd_imp":58699},{"year":"1964","reporter_iso":"chl","commodity_code":"2817","trade_value_usd_exp":0,"trade_value_usd_imp":198},{"year":"1964","reporter_iso":"chl","commodity_code":"2818","trade_value_usd_exp":0,"trade_value_usd_imp":26899},{"year":"1964","reporter_iso":"chl","commodity_code":"2819","trade_value_usd_exp":0,"trade_value_usd_imp":71495},{"year":"1964","reporter_iso":"chl","commodity_code":"2820","trade_value_usd_exp":0,"trade_value_usd_imp":399},{"year":"1964","reporter_iso":"chl","commodity_code":"2821","trade_value_usd_exp":0,"trade_value_usd_imp":19597},{"year":"1964","reporter_iso":"chl","commodity_code":"2823","trade_value_usd_exp":0,"trade_value_usd_imp":915396},{"year":"1964","reporter_iso":"chl","commodity_code":"2824","trade_value_usd_exp":0,"trade_value_usd_imp":19299},{"year":"1964","reporter_iso":"chl","commodity_code":"2825","trade_value_usd_exp":115097,"trade_value_usd_imp":1922145},{"year":"1964","reporter_iso":"chl","commodity_code":"2826","trade_value_usd_exp":0,"trade_value_usd_imp":3197},{"year":"1964","reporter_iso":"chl","commodity_code":"2828","trade_value_usd_exp":0,"trade_value_usd_imp":199},{"year":"1964","reporter_iso":"chl","commodity_code":"2829","trade_value_usd_exp":0,"trade_value_usd_imp":75399},{"year":"1964","reporter_iso":"chl","commodity_code":"2831","trade_value_usd_exp":0,"trade_value_usd_imp":75397},{"year":"1964","reporter_iso":"chl","commodity_code":"2832","trade_value_usd_exp":0,"trade_value_usd_imp":22096},{"year":"1964","reporter_iso":"chl","commodity_code":"2833","trade_value_usd_exp":37599,"trade_value_usd_imp":25097},{"year":"1964","reporter_iso":"chl","commodity_code":"2836","trade_value_usd_exp":0,"trade_value_usd_imp":447990},{"year":"1964","reporter_iso":"chl","commodity_code":"2839","trade_value_usd_exp":0,"trade_value_usd_imp":14801},{"year":"1964","reporter_iso":"chl","commodity_code":"2840","trade_value_usd_exp":0,"trade_value_usd_imp":199},{"year":"1964","reporter_iso":"chl","commodity_code":"2847","trade_value_usd_exp":0,"trade_value_usd_imp":697},{"year":"1964","reporter_iso":"chl","commodity_code":"2849","trade_value_usd_exp":68199,"trade_value_usd_imp":2497},{"year":"1964","reporter_iso":"chl","commodity_code":"2901","trade_value_usd_exp":1746299,"trade_value_usd_imp":204497},{"year":"1964","reporter_iso":"chl","commodity_code":"2902","trade_value_usd_exp":0,"trade_value_usd_imp":254500},{"year":"1964","reporter_iso":"chl","commodity_code":"2903","trade_value_usd_exp":0,"trade_value_usd_imp":238893},{"year":"1964","reporter_iso":"chl","commodity_code":"2904","trade_value_usd_exp":0,"trade_value_usd_imp":10395},{"year":"1964","reporter_iso":"chl","commodity_code":"2905","trade_value_usd_exp":0,"trade_value_usd_imp":805793},{"year":"1964","reporter_iso":"chl","commodity_code":"2906","trade_value_usd_exp":0,"trade_value_usd_imp":36997},{"year":"1964","reporter_iso":"chl","commodity_code":"2907","trade_value_usd_exp":1100,"trade_value_usd_imp":151794},{"year":"1964","reporter_iso":"chl","commodity_code":"2908","trade_value_usd_exp":0,"trade_value_usd_imp":599},{"year":"1964","reporter_iso":"chl","commodity_code":"2914","trade_value_usd_exp":0,"trade_value_usd_imp":49195},{"year":"1964","reporter_iso":"chl","commodity_code":"2915","trade_value_usd_exp":0,"trade_value_usd_imp":1029195},{"year":"1964","reporter_iso":"chl","commodity_code":"2917","trade_value_usd_exp":0,"trade_value_usd_imp":119898},{"year":"1964","reporter_iso":"chl","commodity_code":"2919","trade_value_usd_exp":0,"trade_value_usd_imp":27598},{"year":"1964","reporter_iso":"chl","commodity_code":"2920","trade_value_usd_exp":0,"trade_value_usd_imp":597},{"year":"1964","reporter_iso":"chl","commodity_code":"2921","trade_value_usd_exp":0,"trade_value_usd_imp":2688794},{"year":"1964","reporter_iso":"chl","commodity_code":"2922","trade_value_usd_exp":0,"trade_value_usd_imp":1042391},{"year":"1964","reporter_iso":"chl","commodity_code":"2923","trade_value_usd_exp":0,"trade_value_usd_imp":8899},{"year":"1964","reporter_iso":"chl","commodity_code":"2924","trade_value_usd_exp":0,"trade_value_usd_imp":238993},{"year":"1964","reporter_iso":"chl","commodity_code":"2925","trade_value_usd_exp":0,"trade_value_usd_imp":65397},{"year":"1964","reporter_iso":"chl","commodity_code":"2928","trade_value_usd_exp":0,"trade_value_usd_imp":299},{"year":"1964","reporter_iso":"chl","commodity_code":"2930","trade_value_usd_exp":0,"trade_value_usd_imp":17100},{"year":"1964","reporter_iso":"chl","commodity_code":"2933","trade_value_usd_exp":0,"trade_value_usd_imp":46495},{"year":"1964","reporter_iso":"chl","commodity_code":"2938","trade_value_usd_exp":0,"trade_value_usd_imp":1174591},{"year":"1964","reporter_iso":"chl","commodity_code":"3001","trade_value_usd_exp":1584695,"trade_value_usd_imp":7219060},{"year":"1964","reporter_iso":"chl","commodity_code":"3103","trade_value_usd_exp":0,"trade_value_usd_imp":9010896},{"year":"1964","reporter_iso":"chl","commodity_code":"3204","trade_value_usd_exp":3098,"trade_value_usd_imp":513496},{"year":"1964","reporter_iso":"chl","commodity_code":"3205","trade_value_usd_exp":0,"trade_value_usd_imp":7395},{"year":"1964","reporter_iso":"chl","commodity_code":"3207","trade_value_usd_exp":0,"trade_value_usd_imp":245095},{"year":"1964","reporter_iso":"chl","commodity_code":"3209","trade_value_usd_exp":2399,"trade_value_usd_imp":514894},{"year":"1964","reporter_iso":"chl","commodity_code":"3211","trade_value_usd_exp":0,"trade_value_usd_imp":59497},{"year":"1964","reporter_iso":"chl","commodity_code":"3213","trade_value_usd_exp":0,"trade_value_usd_imp":47698},{"year":"1964","reporter_iso":"chl","commodity_code":"3214","trade_value_usd_exp":0,"trade_value_usd_imp":293390},{"year":"1964","reporter_iso":"chl","commodity_code":"3215","trade_value_usd_exp":0,"trade_value_usd_imp":137895},{"year":"1964","reporter_iso":"chl","commodity_code":"3307","trade_value_usd_exp":0,"trade_value_usd_imp":5199},{"year":"1964","reporter_iso":"chl","commodity_code":"3406","trade_value_usd_exp":0,"trade_value_usd_imp":3697},{"year":"1964","reporter_iso":"chl","commodity_code":"3501","trade_value_usd_exp":0,"trade_value_usd_imp":55198},{"year":"1964","reporter_iso":"chl","commodity_code":"3503","trade_value_usd_exp":0,"trade_value_usd_imp":9297},{"year":"1964","reporter_iso":"chl","commodity_code":"3505","trade_value_usd_exp":0,"trade_value_usd_imp":19796},{"year":"1964","reporter_iso":"chl","commodity_code":"3506","trade_value_usd_exp":199,"trade_value_usd_imp":2198},{"year":"1964","reporter_iso":"chl","commodity_code":"3507","trade_value_usd_exp":0,"trade_value_usd_imp":166294},{"year":"1964","reporter_iso":"chl","commodity_code":"3602","trade_value_usd_exp":55100,"trade_value_usd_imp":437800},{"year":"1964","reporter_iso":"chl","commodity_code":"3603","trade_value_usd_exp":599,"trade_value_usd_imp":1209795},{"year":"1964","reporter_iso":"chl","commodity_code":"3605","trade_value_usd_exp":0,"trade_value_usd_imp":599},{"year":"1964","reporter_iso":"chl","commodity_code":"3606","trade_value_usd_exp":0,"trade_value_usd_imp":1198},{"year":"1964","reporter_iso":"chl","commodity_code":"3701","trade_value_usd_exp":0,"trade_value_usd_imp":578789},{"year":"1964","reporter_iso":"chl","commodity_code":"3702","trade_value_usd_exp":1399,"trade_value_usd_imp":764092},{"year":"1964","reporter_iso":"chl","commodity_code":"3704","trade_value_usd_exp":0,"trade_value_usd_imp":4798},{"year":"1964","reporter_iso":"chl","commodity_code":"3705","trade_value_usd_exp":0,"trade_value_usd_imp":99},{"year":"1964","reporter_iso":"chl","commodity_code":"3706","trade_value_usd_exp":2297,"trade_value_usd_imp":412493},{"year":"1964","reporter_iso":"chl","commodity_code":"3802","trade_value_usd_exp":0,"trade_value_usd_imp":23100},{"year":"1964","reporter_iso":"chl","commodity_code":"3805","trade_value_usd_exp":0,"trade_value_usd_imp":175598},{"year":"1964","reporter_iso":"chl","commodity_code":"3806","trade_value_usd_exp":0,"trade_value_usd_imp":403399},{"year":"1964","reporter_iso":"chl","commodity_code":"3809","trade_value_usd_exp":0,"trade_value_usd_imp":873097},{"year":"1964","reporter_iso":"chl","commodity_code":"3810","trade_value_usd_exp":0,"trade_value_usd_imp":145495},{"year":"1964","reporter_iso":"chl","commodity_code":"3811","trade_value_usd_exp":0,"trade_value_usd_imp":535798},{"year":"1964","reporter_iso":"chl","commodity_code":"3812","trade_value_usd_exp":0,"trade_value_usd_imp":480993},{"year":"1964","reporter_iso":"chl","commodity_code":"3813","trade_value_usd_exp":0,"trade_value_usd_imp":154495},{"year":"1964","reporter_iso":"chl","commodity_code":"3815","trade_value_usd_exp":0,"trade_value_usd_imp":7507489},{"year":"1964","reporter_iso":"chl","commodity_code":"3816","trade_value_usd_exp":0,"trade_value_usd_imp":140996},{"year":"1964","reporter_iso":"chl","commodity_code":"3821","trade_value_usd_exp":0,"trade_value_usd_imp":2699},{"year":"1964","reporter_iso":"chl","commodity_code":"3823","trade_value_usd_exp":3899,"trade_value_usd_imp":1515486},{"year":"1964","reporter_iso":"chl","commodity_code":"3913","trade_value_usd_exp":0,"trade_value_usd_imp":20797},{"year":"1964","reporter_iso":"chl","commodity_code":"3919","trade_value_usd_exp":2487,"trade_value_usd_imp":131986},{"year":"1964","reporter_iso":"chl","commodity_code":"3926","trade_value_usd_exp":12898,"trade_value_usd_imp":0},{"year":"1964","reporter_iso":"chl","commodity_code":"4001","trade_value_usd_exp":0,"trade_value_usd_imp":613189},{"year":"1964","reporter_iso":"chl","commodity_code":"4006","trade_value_usd_exp":3799,"trade_value_usd_imp":2011381},{"year":"1964","reporter_iso":"chl","commodity_code":"4016","trade_value_usd_exp":18695,"trade_value_usd_imp":7336879},{"year":"1964","reporter_iso":"chl","commodity_code":"4107","trade_value_usd_exp":0,"trade_value_usd_imp":1399},{"year":"1964","reporter_iso":"chl","commodity_code":"4108","trade_value_usd_exp":0,"trade_value_usd_imp":998},{"year":"1964","reporter_iso":"chl","commodity_code":"4202","trade_value_usd_exp":21494,"trade_value_usd_imp":1749933},{"year":"1964","reporter_iso":"chl","commodity_code":"4206","trade_value_usd_exp":0,"trade_value_usd_imp":27799},{"year":"1964","reporter_iso":"chl","commodity_code":"4302","trade_value_usd_exp":0,"trade_value_usd_imp":199},{"year":"1964","reporter_iso":"chl","commodity_code":"4403","trade_value_usd_exp":1066497,"trade_value_usd_imp":0},{"year":"1964","reporter_iso":"chl","commodity_code":"4404","trade_value_usd_exp":0,"trade_value_usd_imp":298},{"year":"1964","reporter_iso":"chl","commodity_code":"4407","trade_value_usd_exp":1415996,"trade_value_usd_imp":190595},{"year":"1964","reporter_iso":"chl","commodity_code":"4409","trade_value_usd_exp":33200,"trade_value_usd_imp":799},{"year":"1964","reporter_iso":"chl","commodity_code":"4410","trade_value_usd_exp":62800,"trade_value_usd_imp":81697},{"year":"1964","reporter_iso":"chl","commodity_code":"4412","trade_value_usd_exp":0,"trade_value_usd_imp":27699},{"year":"1964","reporter_iso":"chl","commodity_code":"4417","trade_value_usd_exp":2198,"trade_value_usd_imp":8997},{"year":"1964","reporter_iso":"chl","commodity_code":"4419","trade_value_usd_exp":0,"trade_value_usd_imp":20296},{"year":"1964","reporter_iso":"chl","commodity_code":"4421","trade_value_usd_exp":0,"trade_value_usd_imp":96998},{"year":"1964","reporter_iso":"chl","commodity_code":"4501","trade_value_usd_exp":0,"trade_value_usd_imp":609498},{"year":"1964","reporter_iso":"chl","commodity_code":"4502","trade_value_usd_exp":0,"trade_value_usd_imp":199},{"year":"1964","reporter_iso":"chl","commodity_code":"4503","trade_value_usd_exp":0,"trade_value_usd_imp":50396},{"year":"1964","reporter_iso":"chl","commodity_code":"4504","trade_value_usd_exp":0,"trade_value_usd_imp":49495},{"year":"1964","reporter_iso":"chl","commodity_code":"4601","trade_value_usd_exp":99,"trade_value_usd_imp":3298},{"year":"1964","reporter_iso":"chl","commodity_code":"4704","trade_value_usd_exp":0,"trade_value_usd_imp":303600},{"year":"1964","reporter_iso":"chl","commodity_code":"4801","trade_value_usd_exp":0,"trade_value_usd_imp":796188},{"year":"1964","reporter_iso":"chl","commodity_code":"4803","trade_value_usd_exp":0,"trade_value_usd_imp":45494},{"year":"1964","reporter_iso":"chl","commodity_code":"4804","trade_value_usd_exp":0,"trade_value_usd_imp":419678},{"year":"1964","reporter_iso":"chl","commodity_code":"4812","trade_value_usd_exp":0,"trade_value_usd_imp":67695},{"year":"1964","reporter_iso":"chl","commodity_code":"4813","trade_value_usd_exp":0,"trade_value_usd_imp":7300},{"year":"1964","reporter_iso":"chl","commodity_code":"4816","trade_value_usd_exp":0,"trade_value_usd_imp":102094},{"year":"1964","reporter_iso":"chl","commodity_code":"4818","trade_value_usd_exp":0,"trade_value_usd_imp":172892},{"year":"1964","reporter_iso":"chl","commodity_code":"4819","trade_value_usd_exp":0,"trade_value_usd_imp":401694},{"year":"1964","reporter_iso":"chl","commodity_code":"4821","trade_value_usd_exp":0,"trade_value_usd_imp":6995},{"year":"1964","reporter_iso":"chl","commodity_code":"4822","trade_value_usd_exp":0,"trade_value_usd_imp":4699},{"year":"1964","reporter_iso":"chl","commodity_code":"4901","trade_value_usd_exp":0,"trade_value_usd_imp":4201972},{"year":"1964","reporter_iso":"chl","commodity_code":"4907","trade_value_usd_exp":1500,"trade_value_usd_imp":3399},{"year":"1964","reporter_iso":"chl","commodity_code":"4908","trade_value_usd_exp":0,"trade_value_usd_imp":34397},{"year":"1964","reporter_iso":"chl","commodity_code":"4909","trade_value_usd_exp":0,"trade_value_usd_imp":10399},{"year":"1964","reporter_iso":"chl","commodity_code":"4910","trade_value_usd_exp":0,"trade_value_usd_imp":14896},{"year":"1964","reporter_iso":"chl","commodity_code":"5004","trade_value_usd_exp":0,"trade_value_usd_imp":83597},{"year":"1964","reporter_iso":"chl","commodity_code":"5007","trade_value_usd_exp":0,"trade_value_usd_imp":112594},{"year":"1964","reporter_iso":"chl","commodity_code":"5102","trade_value_usd_exp":1399,"trade_value_usd_imp":21100},{"year":"1964","reporter_iso":"chl","commodity_code":"5106","trade_value_usd_exp":0,"trade_value_usd_imp":24699},{"year":"1964","reporter_iso":"chl","commodity_code":"5111","trade_value_usd_exp":199,"trade_value_usd_imp":254692},{"year":"1964","reporter_iso":"chl","commodity_code":"5113","trade_value_usd_exp":0,"trade_value_usd_imp":399},{"year":"1964","reporter_iso":"chl","commodity_code":"5204","trade_value_usd_exp":0,"trade_value_usd_imp":1180892},{"year":"1964","reporter_iso":"chl","commodity_code":"5208","trade_value_usd_exp":0,"trade_value_usd_imp":413485},{"year":"1964","reporter_iso":"chl","commodity_code":"5306","trade_value_usd_exp":112199,"trade_value_usd_imp":5097},{"year":"1964","reporter_iso":"chl","commodity_code":"5307","trade_value_usd_exp":0,"trade_value_usd_imp":22999},{"year":"1964","reporter_iso":"chl","commodity_code":"5308","trade_value_usd_exp":4399,"trade_value_usd_imp":199},{"year":"1964","reporter_iso":"chl","commodity_code":"5309","trade_value_usd_exp":0,"trade_value_usd_imp":3496},{"year":"1964","reporter_iso":"chl","commodity_code":"5310","trade_value_usd_exp":0,"trade_value_usd_imp":1899},{"year":"1964","reporter_iso":"chl","commodity_code":"5311","trade_value_usd_exp":0,"trade_value_usd_imp":4000},{"year":"1964","reporter_iso":"chl","commodity_code":"5401","trade_value_usd_exp":0,"trade_value_usd_imp":457797},{"year":"1964","reporter_iso":"chl","commodity_code":"5405","trade_value_usd_exp":0,"trade_value_usd_imp":4199},{"year":"1964","reporter_iso":"chl","commodity_code":"5407","trade_value_usd_exp":0,"trade_value_usd_imp":3799},{"year":"1964","reporter_iso":"chl","commodity_code":"5408","trade_value_usd_exp":0,"trade_value_usd_imp":99},{"year":"1964","reporter_iso":"chl","commodity_code":"5605","trade_value_usd_exp":0,"trade_value_usd_imp":62596},{"year":"1964","reporter_iso":"chl","commodity_code":"5607","trade_value_usd_exp":0,"trade_value_usd_imp":2977395},{"year":"1964","reporter_iso":"chl","commodity_code":"5608","trade_value_usd_exp":0,"trade_value_usd_imp":1100},{"year":"1964","reporter_iso":"chl","commodity_code":"5801","trade_value_usd_exp":0,"trade_value_usd_imp":88585},{"year":"1964","reporter_iso":"chl","commodity_code":"5802","trade_value_usd_exp":0,"trade_value_usd_imp":1998},{"year":"1964","reporter_iso":"chl","commodity_code":"5804","trade_value_usd_exp":0,"trade_value_usd_imp":5098},{"year":"1964","reporter_iso":"chl","commodity_code":"5806","trade_value_usd_exp":0,"trade_value_usd_imp":539787},{"year":"1964","reporter_iso":"chl","commodity_code":"5810","trade_value_usd_exp":0,"trade_value_usd_imp":21097},{"year":"1964","reporter_iso":"chl","commodity_code":"5901","trade_value_usd_exp":0,"trade_value_usd_imp":1598},{"year":"1964","reporter_iso":"chl","commodity_code":"5904","trade_value_usd_exp":0,"trade_value_usd_imp":39695},{"year":"1964","reporter_iso":"chl","commodity_code":"5905","trade_value_usd_exp":0,"trade_value_usd_imp":551493},{"year":"1964","reporter_iso":"chl","commodity_code":"5908","trade_value_usd_exp":0,"trade_value_usd_imp":21695},{"year":"1964","reporter_iso":"chl","commodity_code":"6111","trade_value_usd_exp":0,"trade_value_usd_imp":94488},{"year":"1964","reporter_iso":"chl","commodity_code":"6201","trade_value_usd_exp":0,"trade_value_usd_imp":2162194},{"year":"1964","reporter_iso":"chl","commodity_code":"6202","trade_value_usd_exp":1100,"trade_value_usd_imp":869989},{"year":"1964","reporter_iso":"chl","commodity_code":"6205","trade_value_usd_exp":0,"trade_value_usd_imp":260897},{"year":"1964","reporter_iso":"chl","commodity_code":"6209","trade_value_usd_exp":0,"trade_value_usd_imp":74296},{"year":"1964","reporter_iso":"chl","commodity_code":"6212","trade_value_usd_exp":0,"trade_value_usd_imp":17398},{"year":"1964","reporter_iso":"chl","commodity_code":"6213","trade_value_usd_exp":0,"trade_value_usd_imp":28596},{"year":"1964","reporter_iso":"chl","commodity_code":"6214","trade_value_usd_exp":0,"trade_value_usd_imp":19098},{"year":"1964","reporter_iso":"chl","commodity_code":"6215","trade_value_usd_exp":0,"trade_value_usd_imp":6998},{"year":"1964","reporter_iso":"chl","commodity_code":"6301","trade_value_usd_exp":0,"trade_value_usd_imp":43189},{"year":"1964","reporter_iso":"chl","commodity_code":"6302","trade_value_usd_exp":0,"trade_value_usd_imp":154187},{"year":"1964","reporter_iso":"chl","commodity_code":"6307","trade_value_usd_exp":0,"trade_value_usd_imp":998},{"year":"1964","reporter_iso":"chl","commodity_code":"6310","trade_value_usd_exp":0,"trade_value_usd_imp":34899},{"year":"1964","reporter_iso":"chl","commodity_code":"6401","trade_value_usd_exp":0,"trade_value_usd_imp":46896},{"year":"1964","reporter_iso":"chl","commodity_code":"6403","trade_value_usd_exp":37097,"trade_value_usd_imp":841694},{"year":"1964","reporter_iso":"chl","commodity_code":"6405","trade_value_usd_exp":0,"trade_value_usd_imp":699},{"year":"1964","reporter_iso":"chl","commodity_code":"6501","trade_value_usd_exp":3100,"trade_value_usd_imp":0},{"year":"1964","reporter_iso":"chl","commodity_code":"6503","trade_value_usd_exp":0,"trade_value_usd_imp":13395},{"year":"1964","reporter_iso":"chl","commodity_code":"6504","trade_value_usd_exp":0,"trade_value_usd_imp":22898},{"year":"1964","reporter_iso":"chl","commodity_code":"6506","trade_value_usd_exp":0,"trade_value_usd_imp":83997},{"year":"1964","reporter_iso":"chl","commodity_code":"6601","trade_value_usd_exp":0,"trade_value_usd_imp":52000},{"year":"1964","reporter_iso":"chl","commodity_code":"6602","trade_value_usd_exp":0,"trade_value_usd_imp":899},{"year":"1964","reporter_iso":"chl","commodity_code":"6603","trade_value_usd_exp":0,"trade_value_usd_imp":36699},{"year":"1964","reporter_iso":"chl","commodity_code":"6702","trade_value_usd_exp":0,"trade_value_usd_imp":99},{"year":"1964","reporter_iso":"chl","commodity_code":"6801","trade_value_usd_exp":0,"trade_value_usd_imp":3498},{"year":"1964","reporter_iso":"chl","commodity_code":"6802","trade_value_usd_exp":0,"trade_value_usd_imp":199},{"year":"1964","reporter_iso":"chl","commodity_code":"6804","trade_value_usd_exp":0,"trade_value_usd_imp":381989},{"year":"1964","reporter_iso":"chl","commodity_code":"6808","trade_value_usd_exp":0,"trade_value_usd_imp":5798},{"year":"1964","reporter_iso":"chl","commodity_code":"6809","trade_value_usd_exp":4100,"trade_value_usd_imp":899},{"year":"1964","reporter_iso":"chl","commodity_code":"6810","trade_value_usd_exp":0,"trade_value_usd_imp":398},{"year":"1964","reporter_iso":"chl","commodity_code":"6811","trade_value_usd_exp":0,"trade_value_usd_imp":536396},{"year":"1964","reporter_iso":"chl","commodity_code":"6812","trade_value_usd_exp":0,"trade_value_usd_imp":586796},{"year":"1964","reporter_iso":"chl","commodity_code":"6815","trade_value_usd_exp":0,"trade_value_usd_imp":17598},{"year":"1964","reporter_iso":"chl","commodity_code":"6902","trade_value_usd_exp":22398,"trade_value_usd_imp":4917494},{"year":"1964","reporter_iso":"chl","commodity_code":"6904","trade_value_usd_exp":0,"trade_value_usd_imp":1600},{"year":"1964","reporter_iso":"chl","commodity_code":"6906","trade_value_usd_exp":0,"trade_value_usd_imp":5097},{"year":"1964","reporter_iso":"chl","commodity_code":"6907","trade_value_usd_exp":0,"trade_value_usd_imp":19799},{"year":"1964","reporter_iso":"chl","commodity_code":"6908","trade_value_usd_exp":0,"trade_value_usd_imp":9499},{"year":"1964","reporter_iso":"chl","commodity_code":"6914","trade_value_usd_exp":0,"trade_value_usd_imp":998},{"year":"1964","reporter_iso":"chl","commodity_code":"7001","trade_value_usd_exp":0,"trade_value_usd_imp":399},{"year":"1964","reporter_iso":"chl","commodity_code":"7002","trade_value_usd_exp":0,"trade_value_usd_imp":157897},{"year":"1964","reporter_iso":"chl","commodity_code":"7003","trade_value_usd_exp":0,"trade_value_usd_imp":21996},{"year":"1964","reporter_iso":"chl","commodity_code":"7010","trade_value_usd_exp":1798,"trade_value_usd_imp":631987},{"year":"1964","reporter_iso":"chl","commodity_code":"7014","trade_value_usd_exp":0,"trade_value_usd_imp":15697},{"year":"1964","reporter_iso":"chl","commodity_code":"7015","trade_value_usd_exp":0,"trade_value_usd_imp":20797},{"year":"1964","reporter_iso":"chl","commodity_code":"7016","trade_value_usd_exp":0,"trade_value_usd_imp":1500},{"year":"1964","reporter_iso":"chl","commodity_code":"7019","trade_value_usd_exp":0,"trade_value_usd_imp":110493},{"year":"1964","reporter_iso":"chl","commodity_code":"7106","trade_value_usd_exp":0,"trade_value_usd_imp":25495},{"year":"1964","reporter_iso":"chl","commodity_code":"7110","trade_value_usd_exp":2000,"trade_value_usd_imp":8499},{"year":"1964","reporter_iso":"chl","commodity_code":"7113","trade_value_usd_exp":0,"trade_value_usd_imp":998},{"year":"1964","reporter_iso":"chl","commodity_code":"7114","trade_value_usd_exp":0,"trade_value_usd_imp":13191},{"year":"1964","reporter_iso":"chl","commodity_code":"7117","trade_value_usd_exp":0,"trade_value_usd_imp":18995},{"year":"1964","reporter_iso":"chl","commodity_code":"7204","trade_value_usd_exp":0,"trade_value_usd_imp":5399},{"year":"1964","reporter_iso":"chl","commodity_code":"7205","trade_value_usd_exp":0,"trade_value_usd_imp":10898},{"year":"1964","reporter_iso":"chl","commodity_code":"7207","trade_value_usd_exp":271899,"trade_value_usd_imp":0},{"year":"1964","reporter_iso":"chl","commodity_code":"7208","trade_value_usd_exp":1737200,"trade_value_usd_imp":1876087},{"year":"1964","reporter_iso":"chl","commodity_code":"7211","trade_value_usd_exp":43600,"trade_value_usd_imp":737788},{"year":"1964","reporter_iso":"chl","commodity_code":"7213","trade_value_usd_exp":0,"trade_value_usd_imp":30497},{"year":"1964","reporter_iso":"chl","commodity_code":"7214","trade_value_usd_exp":1,"trade_value_usd_imp":372797},{"year":"1964","reporter_iso":"chl","commodity_code":"7216","trade_value_usd_exp":0,"trade_value_usd_imp":179195},{"year":"1964","reporter_iso":"chl","commodity_code":"7221","trade_value_usd_exp":0,"trade_value_usd_imp":388794},{"year":"1964","reporter_iso":"chl","commodity_code":"7223","trade_value_usd_exp":0,"trade_value_usd_imp":107795},{"year":"1964","reporter_iso":"chl","commodity_code":"7309","trade_value_usd_exp":21198,"trade_value_usd_imp":869084},{"year":"1964","reporter_iso":"chl","commodity_code":"7311","trade_value_usd_exp":80197,"trade_value_usd_imp":229997},{"year":"1964","reporter_iso":"chl","commodity_code":"7312","trade_value_usd_exp":0,"trade_value_usd_imp":1391587},{"year":"1964","reporter_iso":"chl","commodity_code":"7314","trade_value_usd_exp":0,"trade_value_usd_imp":175492},{"year":"1964","reporter_iso":"chl","commodity_code":"7317","trade_value_usd_exp":0,"trade_value_usd_imp":279689},{"year":"1964","reporter_iso":"chl","commodity_code":"7318","trade_value_usd_exp":0,"trade_value_usd_imp":1518488},{"year":"1964","reporter_iso":"chl","commodity_code":"7319","trade_value_usd_exp":0,"trade_value_usd_imp":28597},{"year":"1964","reporter_iso":"chl","commodity_code":"7321","trade_value_usd_exp":497,"trade_value_usd_imp":254090},{"year":"1964","reporter_iso":"chl","commodity_code":"7323","trade_value_usd_exp":11300,"trade_value_usd_imp":79891},{"year":"1964","reporter_iso":"chl","commodity_code":"7401","trade_value_usd_exp":220058901,"trade_value_usd_imp":0},{"year":"1964","reporter_iso":"chl","commodity_code":"7402","trade_value_usd_exp":151241691,"trade_value_usd_imp":1000},{"year":"1964","reporter_iso":"chl","commodity_code":"7405","trade_value_usd_exp":0,"trade_value_usd_imp":1100},{"year":"1964","reporter_iso":"chl","commodity_code":"7407","trade_value_usd_exp":19019091,"trade_value_usd_imp":177490},{"year":"1964","reporter_iso":"chl","commodity_code":"7409","trade_value_usd_exp":16753293,"trade_value_usd_imp":5799},{"year":"1964","reporter_iso":"chl","commodity_code":"7410","trade_value_usd_exp":0,"trade_value_usd_imp":11998},{"year":"1964","reporter_iso":"chl","commodity_code":"7412","trade_value_usd_exp":67799,"trade_value_usd_imp":47493},{"year":"1964","reporter_iso":"chl","commodity_code":"7413","trade_value_usd_exp":0,"trade_value_usd_imp":8698},{"year":"1964","reporter_iso":"chl","commodity_code":"7414","trade_value_usd_exp":0,"trade_value_usd_imp":37494},{"year":"1964","reporter_iso":"chl","commodity_code":"7415","trade_value_usd_exp":17100,"trade_value_usd_imp":139689},{"year":"1964","reporter_iso":"chl","commodity_code":"7504","trade_value_usd_exp":0,"trade_value_usd_imp":75499},{"year":"1964","reporter_iso":"chl","commodity_code":"7505","trade_value_usd_exp":0,"trade_value_usd_imp":413694},{"year":"1964","reporter_iso":"chl","commodity_code":"7508","trade_value_usd_exp":0,"trade_value_usd_imp":28698},{"year":"1964","reporter_iso":"chl","commodity_code":"7602","trade_value_usd_exp":0,"trade_value_usd_imp":74899},{"year":"1964","reporter_iso":"chl","commodity_code":"7603","trade_value_usd_exp":0,"trade_value_usd_imp":16999},{"year":"1964","reporter_iso":"chl","commodity_code":"7604","trade_value_usd_exp":0,"trade_value_usd_imp":172591},{"year":"1964","reporter_iso":"chl","commodity_code":"7606","trade_value_usd_exp":0,"trade_value_usd_imp":216594},{"year":"1964","reporter_iso":"chl","commodity_code":"7607","trade_value_usd_exp":0,"trade_value_usd_imp":154597},{"year":"1964","reporter_iso":"chl","commodity_code":"7611","trade_value_usd_exp":0,"trade_value_usd_imp":108399},{"year":"1964","reporter_iso":"chl","commodity_code":"7615","trade_value_usd_exp":0,"trade_value_usd_imp":18695},{"year":"1964","reporter_iso":"chl","commodity_code":"7803","trade_value_usd_exp":2899,"trade_value_usd_imp":5594},{"year":"1964","reporter_iso":"chl","commodity_code":"7804","trade_value_usd_exp":0,"trade_value_usd_imp":28693},{"year":"1964","reporter_iso":"chl","commodity_code":"7902","trade_value_usd_exp":0,"trade_value_usd_imp":99},{"year":"1964","reporter_iso":"chl","commodity_code":"7904","trade_value_usd_exp":0,"trade_value_usd_imp":14098},{"year":"1964","reporter_iso":"chl","commodity_code":"7905","trade_value_usd_exp":11399,"trade_value_usd_imp":151996},{"year":"1964","reporter_iso":"chl","commodity_code":"8003","trade_value_usd_exp":0,"trade_value_usd_imp":10596},{"year":"1964","reporter_iso":"chl","commodity_code":"8004","trade_value_usd_exp":0,"trade_value_usd_imp":34096},{"year":"1964","reporter_iso":"chl","commodity_code":"8101","trade_value_usd_exp":0,"trade_value_usd_imp":33699},{"year":"1964","reporter_iso":"chl","commodity_code":"8102","trade_value_usd_exp":0,"trade_value_usd_imp":13899},{"year":"1964","reporter_iso":"chl","commodity_code":"8104","trade_value_usd_exp":0,"trade_value_usd_imp":299},{"year":"1964","reporter_iso":"chl","commodity_code":"8201","trade_value_usd_exp":0,"trade_value_usd_imp":36494},{"year":"1964","reporter_iso":"chl","commodity_code":"8202","trade_value_usd_exp":0,"trade_value_usd_imp":448790},{"year":"1964","reporter_iso":"chl","commodity_code":"8204","trade_value_usd_exp":82494,"trade_value_usd_imp":6488981},{"year":"1964","reporter_iso":"chl","commodity_code":"8205","trade_value_usd_exp":4398,"trade_value_usd_imp":1505088},{"year":"1964","reporter_iso":"chl","commodity_code":"8208","trade_value_usd_exp":0,"trade_value_usd_imp":28596},{"year":"1964","reporter_iso":"chl","commodity_code":"8209","trade_value_usd_exp":0,"trade_value_usd_imp":12798},{"year":"1964","reporter_iso":"chl","commodity_code":"8210","trade_value_usd_exp":0,"trade_value_usd_imp":35883},{"year":"1964","reporter_iso":"chl","commodity_code":"8211","trade_value_usd_exp":0,"trade_value_usd_imp":56495},{"year":"1964","reporter_iso":"chl","commodity_code":"8212","trade_value_usd_exp":0,"trade_value_usd_imp":595497},{"year":"1964","reporter_iso":"chl","commodity_code":"8213","trade_value_usd_exp":0,"trade_value_usd_imp":52494},{"year":"1964","reporter_iso":"chl","commodity_code":"8215","trade_value_usd_exp":0,"trade_value_usd_imp":332272},{"year":"1964","reporter_iso":"chl","commodity_code":"8301","trade_value_usd_exp":0,"trade_value_usd_imp":44294},{"year":"1964","reporter_iso":"chl","commodity_code":"8302","trade_value_usd_exp":0,"trade_value_usd_imp":52393},{"year":"1964","reporter_iso":"chl","commodity_code":"8304","trade_value_usd_exp":0,"trade_value_usd_imp":7598},{"year":"1964","reporter_iso":"chl","commodity_code":"8306","trade_value_usd_exp":0,"trade_value_usd_imp":3499},{"year":"1964","reporter_iso":"chl","commodity_code":"8308","trade_value_usd_exp":99,"trade_value_usd_imp":4596},{"year":"1964","reporter_iso":"chl","commodity_code":"8309","trade_value_usd_exp":0,"trade_value_usd_imp":54096},{"year":"1964","reporter_iso":"chl","commodity_code":"8311","trade_value_usd_exp":0,"trade_value_usd_imp":228491},{"year":"1964","reporter_iso":"chl","commodity_code":"8401","trade_value_usd_exp":107797,"trade_value_usd_imp":1648081},{"year":"1964","reporter_iso":"chl","commodity_code":"8410","trade_value_usd_exp":0,"trade_value_usd_imp":2894097},{"year":"1964","reporter_iso":"chl","commodity_code":"8411","trade_value_usd_exp":0,"trade_value_usd_imp":14697},{"year":"1964","reporter_iso":"chl","commodity_code":"8413","trade_value_usd_exp":2500,"trade_value_usd_imp":2867187},{"year":"1964","reporter_iso":"chl","commodity_code":"8414","trade_value_usd_exp":0,"trade_value_usd_imp":2908792},{"year":"1964","reporter_iso":"chl","commodity_code":"8417","trade_value_usd_exp":0,"trade_value_usd_imp":32596},{"year":"1964","reporter_iso":"chl","commodity_code":"8418","trade_value_usd_exp":199,"trade_value_usd_imp":1505472},{"year":"1964","reporter_iso":"chl","commodity_code":"8419","trade_value_usd_exp":0,"trade_value_usd_imp":500770},{"year":"1964","reporter_iso":"chl","commodity_code":"8422","trade_value_usd_exp":0,"trade_value_usd_imp":571698},{"year":"1964","reporter_iso":"chl","commodity_code":"8423","trade_value_usd_exp":0,"trade_value_usd_imp":392296},{"year":"1964","reporter_iso":"chl","commodity_code":"8424","trade_value_usd_exp":85497,"trade_value_usd_imp":6668693},{"year":"1964","reporter_iso":"chl","commodity_code":"8425","trade_value_usd_exp":0,"trade_value_usd_imp":9232992},{"year":"1964","reporter_iso":"chl","commodity_code":"8426","trade_value_usd_exp":0,"trade_value_usd_imp":25400},{"year":"1964","reporter_iso":"chl","commodity_code":"8428","trade_value_usd_exp":99,"trade_value_usd_imp":223789},{"year":"1964","reporter_iso":"chl","commodity_code":"8429","trade_value_usd_exp":44995,"trade_value_usd_imp":3640698},{"year":"1964","reporter_iso":"chl","commodity_code":"8430","trade_value_usd_exp":0,"trade_value_usd_imp":3199},{"year":"1964","reporter_iso":"chl","commodity_code":"8434","trade_value_usd_exp":0,"trade_value_usd_imp":708795},{"year":"1964","reporter_iso":"chl","commodity_code":"8435","trade_value_usd_exp":0,"trade_value_usd_imp":11799},{"year":"1964","reporter_iso":"chl","commodity_code":"8438","trade_value_usd_exp":18698,"trade_value_usd_imp":25498},{"year":"1964","reporter_iso":"chl","commodity_code":"8440","trade_value_usd_exp":0,"trade_value_usd_imp":1699},{"year":"1964","reporter_iso":"chl","commodity_code":"8441","trade_value_usd_exp":0,"trade_value_usd_imp":39200},{"year":"1964","reporter_iso":"chl","commodity_code":"8442","trade_value_usd_exp":0,"trade_value_usd_imp":826195},{"year":"1964","reporter_iso":"chl","commodity_code":"8443","trade_value_usd_exp":0,"trade_value_usd_imp":3498},{"year":"1964","reporter_iso":"chl","commodity_code":"8444","trade_value_usd_exp":0,"trade_value_usd_imp":3224691},{"year":"1964","reporter_iso":"chl","commodity_code":"8446","trade_value_usd_exp":0,"trade_value_usd_imp":127797},{"year":"1964","reporter_iso":"chl","commodity_code":"8448","trade_value_usd_exp":0,"trade_value_usd_imp":114696},{"year":"1964","reporter_iso":"chl","commodity_code":"8450","trade_value_usd_exp":20300,"trade_value_usd_imp":248982},{"year":"1964","reporter_iso":"chl","commodity_code":"8454","trade_value_usd_exp":0,"trade_value_usd_imp":33300},{"year":"1964","reporter_iso":"chl","commodity_code":"8455","trade_value_usd_exp":0,"trade_value_usd_imp":1300},{"year":"1964","reporter_iso":"chl","commodity_code":"8472","trade_value_usd_exp":0,"trade_value_usd_imp":138293},{"year":"1964","reporter_iso":"chl","commodity_code":"8473","trade_value_usd_exp":9499,"trade_value_usd_imp":333592},{"year":"1964","reporter_iso":"chl","commodity_code":"8474","trade_value_usd_exp":0,"trade_value_usd_imp":1405696},{"year":"1964","reporter_iso":"chl","commodity_code":"8475","trade_value_usd_exp":0,"trade_value_usd_imp":228599},{"year":"1964","reporter_iso":"chl","commodity_code":"8479","trade_value_usd_exp":0,"trade_value_usd_imp":90376},{"year":"1964","reporter_iso":"chl","commodity_code":"8481","trade_value_usd_exp":399,"trade_value_usd_imp":3866791},{"year":"1964","reporter_iso":"chl","commodity_code":"8483","trade_value_usd_exp":0,"trade_value_usd_imp":1126589},{"year":"1964","reporter_iso":"chl","commodity_code":"8484","trade_value_usd_exp":81498,"trade_value_usd_imp":23573175},{"year":"1964","reporter_iso":"chl","commodity_code":"8501","trade_value_usd_exp":0,"trade_value_usd_imp":376891},{"year":"1964","reporter_iso":"chl","commodity_code":"8505","trade_value_usd_exp":0,"trade_value_usd_imp":11699},{"year":"1964","reporter_iso":"chl","commodity_code":"8506","trade_value_usd_exp":898,"trade_value_usd_imp":504192},{"year":"1964","reporter_iso":"chl","commodity_code":"8512","trade_value_usd_exp":0,"trade_value_usd_imp":182292},{"year":"1964","reporter_iso":"chl","commodity_code":"8513","trade_value_usd_exp":0,"trade_value_usd_imp":223478},{"year":"1964","reporter_iso":"chl","commodity_code":"8516","trade_value_usd_exp":0,"trade_value_usd_imp":96883},{"year":"1964","reporter_iso":"chl","commodity_code":"8518","trade_value_usd_exp":0,"trade_value_usd_imp":44795},{"year":"1964","reporter_iso":"chl","commodity_code":"8519","trade_value_usd_exp":93500,"trade_value_usd_imp":140986},{"year":"1964","reporter_iso":"chl","commodity_code":"8522","trade_value_usd_exp":0,"trade_value_usd_imp":7496},{"year":"1964","reporter_iso":"chl","commodity_code":"8530","trade_value_usd_exp":0,"trade_value_usd_imp":551798},{"year":"1964","reporter_iso":"chl","commodity_code":"8531","trade_value_usd_exp":0,"trade_value_usd_imp":73192},{"year":"1964","reporter_iso":"chl","commodity_code":"8532","trade_value_usd_exp":0,"trade_value_usd_imp":430495},{"year":"1964","reporter_iso":"chl","commodity_code":"8539","trade_value_usd_exp":0,"trade_value_usd_imp":53895},{"year":"1964","reporter_iso":"chl","commodity_code":"8544","trade_value_usd_exp":0,"trade_value_usd_imp":39098},{"year":"1964","reporter_iso":"chl","commodity_code":"8545","trade_value_usd_exp":0,"trade_value_usd_imp":620688},{"year":"1964","reporter_iso":"chl","commodity_code":"8546","trade_value_usd_exp":0,"trade_value_usd_imp":397490},{"year":"1964","reporter_iso":"chl","commodity_code":"8547","trade_value_usd_exp":0,"trade_value_usd_imp":194396},{"year":"1964","reporter_iso":"chl","commodity_code":"8604","trade_value_usd_exp":0,"trade_value_usd_imp":54500},{"year":"1964","reporter_iso":"chl","commodity_code":"8606","trade_value_usd_exp":0,"trade_value_usd_imp":517496},{"year":"1964","reporter_iso":"chl","commodity_code":"8706","trade_value_usd_exp":699,"trade_value_usd_imp":205795},{"year":"1964","reporter_iso":"chl","commodity_code":"8711","trade_value_usd_exp":0,"trade_value_usd_imp":9394},{"year":"1964","reporter_iso":"chl","commodity_code":"8712","trade_value_usd_exp":0,"trade_value_usd_imp":167886},{"year":"1964","reporter_iso":"chl","commodity_code":"8905","trade_value_usd_exp":0,"trade_value_usd_imp":404797},{"year":"1964","reporter_iso":"chl","commodity_code":"8907","trade_value_usd_exp":0,"trade_value_usd_imp":336296},{"year":"1964","reporter_iso":"chl","commodity_code":"9004","trade_value_usd_exp":0,"trade_value_usd_imp":115992},{"year":"1964","reporter_iso":"chl","commodity_code":"9005","trade_value_usd_exp":0,"trade_value_usd_imp":57296},{"year":"1964","reporter_iso":"chl","commodity_code":"9014","trade_value_usd_exp":0,"trade_value_usd_imp":469290},{"year":"1964","reporter_iso":"chl","commodity_code":"9016","trade_value_usd_exp":0,"trade_value_usd_imp":45893},{"year":"1964","reporter_iso":"chl","commodity_code":"9018","trade_value_usd_exp":12796,"trade_value_usd_imp":436685},{"year":"1964","reporter_iso":"chl","commodity_code":"9019","trade_value_usd_exp":0,"trade_value_usd_imp":96594},{"year":"1964","reporter_iso":"chl","commodity_code":"9021","trade_value_usd_exp":0,"trade_value_usd_imp":65099},{"year":"1964","reporter_iso":"chl","commodity_code":"9023","trade_value_usd_exp":0,"trade_value_usd_imp":84593},{"year":"1964","reporter_iso":"chl","commodity_code":"9024","trade_value_usd_exp":0,"trade_value_usd_imp":76499},{"year":"1964","reporter_iso":"chl","commodity_code":"9025","trade_value_usd_exp":898,"trade_value_usd_imp":255190},{"year":"1964","reporter_iso":"chl","commodity_code":"9026","trade_value_usd_exp":0,"trade_value_usd_imp":228694},{"year":"1964","reporter_iso":"chl","commodity_code":"9027","trade_value_usd_exp":1597,"trade_value_usd_imp":895493},{"year":"1964","reporter_iso":"chl","commodity_code":"9028","trade_value_usd_exp":99,"trade_value_usd_imp":1330682},{"year":"1964","reporter_iso":"chl","commodity_code":"9029","trade_value_usd_exp":0,"trade_value_usd_imp":16598},{"year":"1964","reporter_iso":"chl","commodity_code":"9101","trade_value_usd_exp":399,"trade_value_usd_imp":345996},{"year":"1964","reporter_iso":"chl","commodity_code":"9103","trade_value_usd_exp":0,"trade_value_usd_imp":83097},{"year":"1964","reporter_iso":"chl","commodity_code":"9104","trade_value_usd_exp":0,"trade_value_usd_imp":6196},{"year":"1964","reporter_iso":"chl","commodity_code":"9105","trade_value_usd_exp":0,"trade_value_usd_imp":19795},{"year":"1964","reporter_iso":"chl","commodity_code":"9106","trade_value_usd_exp":0,"trade_value_usd_imp":4696},{"year":"1964","reporter_iso":"chl","commodity_code":"9107","trade_value_usd_exp":0,"trade_value_usd_imp":6100},{"year":"1964","reporter_iso":"chl","commodity_code":"9108","trade_value_usd_exp":0,"trade_value_usd_imp":36997},{"year":"1964","reporter_iso":"chl","commodity_code":"9109","trade_value_usd_exp":0,"trade_value_usd_imp":4100},{"year":"1964","reporter_iso":"chl","commodity_code":"9111","trade_value_usd_exp":0,"trade_value_usd_imp":898},{"year":"1964","reporter_iso":"chl","commodity_code":"9201","trade_value_usd_exp":1698,"trade_value_usd_imp":13597},{"year":"1964","reporter_iso":"chl","commodity_code":"9202","trade_value_usd_exp":0,"trade_value_usd_imp":35094},{"year":"1964","reporter_iso":"chl","commodity_code":"9203","trade_value_usd_exp":0,"trade_value_usd_imp":99890},{"year":"1964","reporter_iso":"chl","commodity_code":"9206","trade_value_usd_exp":0,"trade_value_usd_imp":5398},{"year":"1964","reporter_iso":"chl","commodity_code":"9207","trade_value_usd_exp":0,"trade_value_usd_imp":298},{"year":"1964","reporter_iso":"chl","commodity_code":"9208","trade_value_usd_exp":0,"trade_value_usd_imp":299},{"year":"1964","reporter_iso":"chl","commodity_code":"9209","trade_value_usd_exp":0,"trade_value_usd_imp":5796},{"year":"1964","reporter_iso":"chl","commodity_code":"9301","trade_value_usd_exp":0,"trade_value_usd_imp":15899},{"year":"1964","reporter_iso":"chl","commodity_code":"9302","trade_value_usd_exp":0,"trade_value_usd_imp":11100},{"year":"1964","reporter_iso":"chl","commodity_code":"9303","trade_value_usd_exp":0,"trade_value_usd_imp":304895},{"year":"1964","reporter_iso":"chl","commodity_code":"9304","trade_value_usd_exp":0,"trade_value_usd_imp":4398},{"year":"1964","reporter_iso":"chl","commodity_code":"9305","trade_value_usd_exp":11800,"trade_value_usd_imp":99},{"year":"1964","reporter_iso":"chl","commodity_code":"9306","trade_value_usd_exp":0,"trade_value_usd_imp":299},{"year":"1964","reporter_iso":"chl","commodity_code":"9307","trade_value_usd_exp":0,"trade_value_usd_imp":6294},{"year":"1964","reporter_iso":"chl","commodity_code":"9401","trade_value_usd_exp":0,"trade_value_usd_imp":30496},{"year":"1964","reporter_iso":"chl","commodity_code":"9403","trade_value_usd_exp":1598,"trade_value_usd_imp":407980},{"year":"1964","reporter_iso":"chl","commodity_code":"9404","trade_value_usd_exp":0,"trade_value_usd_imp":16685},{"year":"1964","reporter_iso":"chl","commodity_code":"9405","trade_value_usd_exp":14000,"trade_value_usd_imp":140193},{"year":"1964","reporter_iso":"chl","commodity_code":"9504","trade_value_usd_exp":0,"trade_value_usd_imp":90893},{"year":"1964","reporter_iso":"chl","commodity_code":"9506","trade_value_usd_exp":198,"trade_value_usd_imp":89784},{"year":"1964","reporter_iso":"chl","commodity_code":"9507","trade_value_usd_exp":0,"trade_value_usd_imp":2478791},{"year":"1964","reporter_iso":"chl","commodity_code":"9603","trade_value_usd_exp":0,"trade_value_usd_imp":42895},{"year":"1964","reporter_iso":"chl","commodity_code":"9607","trade_value_usd_exp":0,"trade_value_usd_imp":10798},{"year":"1964","reporter_iso":"chl","commodity_code":"9608","trade_value_usd_exp":0,"trade_value_usd_imp":77695},{"year":"1964","reporter_iso":"chl","commodity_code":"9610","trade_value_usd_exp":0,"trade_value_usd_imp":299},{"year":"1964","reporter_iso":"chl","commodity_code":"9611","trade_value_usd_exp":0,"trade_value_usd_imp":41096},{"year":"1964","reporter_iso":"chl","commodity_code":"9612","trade_value_usd_exp":0,"trade_value_usd_imp":20696},{"year":"1964","reporter_iso":"chl","commodity_code":"9613","trade_value_usd_exp":0,"trade_value_usd_imp":17998},{"year":"1964","reporter_iso":"chl","commodity_code":"9614","trade_value_usd_exp":0,"trade_value_usd_imp":1699},{"year":"1964","reporter_iso":"chl","commodity_code":"9617","trade_value_usd_exp":0,"trade_value_usd_imp":47897},{"year":"1964","reporter_iso":"chl","commodity_code":"9701","trade_value_usd_exp":8498,"trade_value_usd_imp":13183},{"year":"1964","reporter_iso":"chl","commodity_code":"9703","trade_value_usd_exp":1498,"trade_value_usd_imp":6596},{"year":"1964","reporter_iso":"chl","commodity_code":"9999","trade_value_usd_exp":0,"trade_value_usd_imp":203793}]'
  recorded_at: 2021-08-09 02:56:39 GMT
  recorded_with: vcr/1.0.2, webmockr/0.8.0
- request:
    method: get
    uri: https://api.tradestatistics.io/yr?y=1964&r=chl
    body:
      encoding: ''
      string: ''
    headers:
      User-Agent: libcurl/7.68.0 r-curl/4.3.2 crul/1.1.0
      Accept-Encoding: gzip, deflate
      Accept: application/json, text/xml, application/xml, */*
  response:
    status:
      status_code: '200'
      message: OK
      explanation: Request fulfilled, document follows
    headers:
      status: HTTP/1.1 200 OK
      server: nginx/1.18.0 (Ubuntu)
      date: Mon, 09 Aug 2021 02:56:37 GMT
      content-type: application/json
      content-length: '102'
      connection: keep-alive
    body:
      encoding: UTF-8
      file: no
      string: '[{"year":"1964","reporter_iso":"chl","trade_value_usd_exp":467940167,"trade_value_usd_imp":221748506}]'
  recorded_at: 2021-08-09 02:56:39 GMT
  recorded_with: vcr/1.0.2, webmockr/0.8.0
- request:
    method: get
    uri: https://api.tradestatistics.io/yc?y=1964&c=all
    body:
      encoding: ''
      string: ''
    headers:
      User-Agent: libcurl/7.68.0 r-curl/4.3.2 crul/1.1.0
      Accept-Encoding: gzip, deflate
      Accept: application/json, text/xml, application/xml, */*
  response:
    status:
      status_code: '200'
      message: OK
      explanation: Request fulfilled, document follows
    headers:
      status: HTTP/1.1 200 OK
      server: nginx/1.18.0 (Ubuntu)
      date: Mon, 09 Aug 2021 02:56:38 GMT
      content-type: application/json
      content-length: '65427'
      connection: keep-alive
    body:
      encoding: UTF-8
      file: no
      string: '[{"year":"1964","commodity_code":"0207","trade_value_usd_exp":736630,"trade_value_usd_imp":7552784},{"year":"1964","commodity_code":"0208","trade_value_usd_exp":26161437,"trade_value_usd_imp":34436051},{"year":"1964","commodity_code":"0209","trade_value_usd_exp":6854961,"trade_value_usd_imp":6183081},{"year":"1964","commodity_code":"0306","trade_value_usd_exp":18425731,"trade_value_usd_imp":89521182},{"year":"1964","commodity_code":"0403","trade_value_usd_exp":107428083,"trade_value_usd_imp":69217205},{"year":"1964","commodity_code":"0410","trade_value_usd_exp":9011382,"trade_value_usd_imp":23224984},{"year":"1964","commodity_code":"0501","trade_value_usd_exp":1882758,"trade_value_usd_imp":5922741},{"year":"1964","commodity_code":"0502","trade_value_usd_exp":18645469,"trade_value_usd_imp":50443302},{"year":"1964","commodity_code":"0503","trade_value_usd_exp":15080983,"trade_value_usd_imp":25094250},{"year":"1964","commodity_code":"0504","trade_value_usd_exp":84969832,"trade_value_usd_imp":140123052},{"year":"1964","commodity_code":"0505","trade_value_usd_exp":26400396,"trade_value_usd_imp":52573953},{"year":"1964","commodity_code":"0506","trade_value_usd_exp":8878998,"trade_value_usd_imp":19191036},{"year":"1964","commodity_code":"0507","trade_value_usd_exp":2017711,"trade_value_usd_imp":8539645},{"year":"1964","commodity_code":"0508","trade_value_usd_exp":4014734,"trade_value_usd_imp":9295796},{"year":"1964","commodity_code":"0510","trade_value_usd_exp":3603793,"trade_value_usd_imp":12363257},{"year":"1964","commodity_code":"0511","trade_value_usd_exp":6115072,"trade_value_usd_imp":9260633},{"year":"1964","commodity_code":"0601","trade_value_usd_exp":110387649,"trade_value_usd_imp":122724854},{"year":"1964","commodity_code":"0602","trade_value_usd_exp":53531237,"trade_value_usd_imp":60871370},{"year":"1964","commodity_code":"0603","trade_value_usd_exp":60758967,"trade_value_usd_imp":60914578},{"year":"1964","commodity_code":"0604","trade_value_usd_exp":8249065,"trade_value_usd_imp":13018234},{"year":"1964","commodity_code":"0710","trade_value_usd_exp":18897186,"trade_value_usd_imp":21170523},{"year":"1964","commodity_code":"0711","trade_value_usd_exp":187773535,"trade_value_usd_imp":210241571},{"year":"1964","commodity_code":"0714","trade_value_usd_exp":13376638,"trade_value_usd_imp":32505505},{"year":"1964","commodity_code":"0801","trade_value_usd_exp":28097867,"trade_value_usd_imp":97068540},{"year":"1964","commodity_code":"0802","trade_value_usd_exp":206845528,"trade_value_usd_imp":221771760},{"year":"1964","commodity_code":"0803","trade_value_usd_exp":2178986,"trade_value_usd_imp":17277398},{"year":"1964","commodity_code":"0804","trade_value_usd_exp":27073384,"trade_value_usd_imp":34720124},{"year":"1964","commodity_code":"0806","trade_value_usd_exp":121278696,"trade_value_usd_imp":107001546},{"year":"1964","commodity_code":"0807","trade_value_usd_exp":38644394,"trade_value_usd_imp":30279819},{"year":"1964","commodity_code":"0808","trade_value_usd_exp":51025845,"trade_value_usd_imp":78879947},{"year":"1964","commodity_code":"0809","trade_value_usd_exp":83325619,"trade_value_usd_imp":113658632},{"year":"1964","commodity_code":"0810","trade_value_usd_exp":27645994,"trade_value_usd_imp":36438518},{"year":"1964","commodity_code":"0811","trade_value_usd_exp":4550870,"trade_value_usd_imp":13821817},{"year":"1964","commodity_code":"0812","trade_value_usd_exp":12776950,"trade_value_usd_imp":22399933},{"year":"1964","commodity_code":"0813","trade_value_usd_exp":42532172,"trade_value_usd_imp":43199291},{"year":"1964","commodity_code":"0814","trade_value_usd_exp":1672065,"trade_value_usd_imp":2573375},{"year":"1964","commodity_code":"0901","trade_value_usd_exp":3171,"trade_value_usd_imp":8164},{"year":"1964","commodity_code":"0905","trade_value_usd_exp":6890239,"trade_value_usd_imp":11106588},{"year":"1964","commodity_code":"0906","trade_value_usd_exp":6515031,"trade_value_usd_imp":11211769},{"year":"1964","commodity_code":"0907","trade_value_usd_exp":3841208,"trade_value_usd_imp":4166917},{"year":"1964","commodity_code":"0908","trade_value_usd_exp":6392256,"trade_value_usd_imp":13960052},{"year":"1964","commodity_code":"0909","trade_value_usd_exp":8394093,"trade_value_usd_imp":11872428},{"year":"1964","commodity_code":"0910","trade_value_usd_exp":7047366,"trade_value_usd_imp":13834441},{"year":"1964","commodity_code":"1101","trade_value_usd_exp":309804150,"trade_value_usd_imp":170270489},{"year":"1964","commodity_code":"1102","trade_value_usd_exp":8229850,"trade_value_usd_imp":14559104},{"year":"1964","commodity_code":"1103","trade_value_usd_exp":19833696,"trade_value_usd_imp":21745619},{"year":"1964","commodity_code":"1104","trade_value_usd_exp":16092385,"trade_value_usd_imp":16209109},{"year":"1964","commodity_code":"1105","trade_value_usd_exp":1120064,"trade_value_usd_imp":4033522},{"year":"1964","commodity_code":"1106","trade_value_usd_exp":18853655,"trade_value_usd_imp":15625486},{"year":"1964","commodity_code":"1108","trade_value_usd_exp":35013983,"trade_value_usd_imp":42459523},{"year":"1964","commodity_code":"1109","trade_value_usd_exp":4591167,"trade_value_usd_imp":4544162},{"year":"1964","commodity_code":"1210","trade_value_usd_exp":41870347,"trade_value_usd_imp":49517878},{"year":"1964","commodity_code":"1212","trade_value_usd_exp":26404592,"trade_value_usd_imp":41315369},{"year":"1964","commodity_code":"1213","trade_value_usd_exp":9589687,"trade_value_usd_imp":19753912},{"year":"1964","commodity_code":"1214","trade_value_usd_exp":16385896,"trade_value_usd_imp":19786807},{"year":"1964","commodity_code":"1302","trade_value_usd_exp":36082477,"trade_value_usd_imp":56551254},{"year":"1964","commodity_code":"1402","trade_value_usd_exp":26958426,"trade_value_usd_imp":37002696},{"year":"1964","commodity_code":"1501","trade_value_usd_exp":10916447,"trade_value_usd_imp":24539143},{"year":"1964","commodity_code":"1502","trade_value_usd_exp":40302503,"trade_value_usd_imp":139106965},{"year":"1964","commodity_code":"1503","trade_value_usd_exp":1735622,"trade_value_usd_imp":2913741},{"year":"1964","commodity_code":"1505","trade_value_usd_exp":1628192,"trade_value_usd_imp":3671245},{"year":"1964","commodity_code":"1515","trade_value_usd_exp":12606251,"trade_value_usd_imp":13920775},{"year":"1964","commodity_code":"1516","trade_value_usd_exp":15258483,"trade_value_usd_imp":18355144},{"year":"1964","commodity_code":"1517","trade_value_usd_exp":12006069,"trade_value_usd_imp":17940445},{"year":"1964","commodity_code":"1519","trade_value_usd_exp":39133759,"trade_value_usd_imp":44539985},{"year":"1964","commodity_code":"1520","trade_value_usd_exp":20254468,"trade_value_usd_imp":21486631},{"year":"1964","commodity_code":"1521","trade_value_usd_exp":2996647,"trade_value_usd_imp":5234452},{"year":"1964","commodity_code":"1522","trade_value_usd_exp":1307311,"trade_value_usd_imp":1538710},{"year":"1964","commodity_code":"1603","trade_value_usd_exp":160840176,"trade_value_usd_imp":319715462},{"year":"1964","commodity_code":"1702","trade_value_usd_exp":4563523,"trade_value_usd_imp":13921001},{"year":"1964","commodity_code":"1704","trade_value_usd_exp":88526897,"trade_value_usd_imp":85327099},{"year":"1964","commodity_code":"1802","trade_value_usd_exp":744884,"trade_value_usd_imp":2896281},{"year":"1964","commodity_code":"1803","trade_value_usd_exp":4209945,"trade_value_usd_imp":9362653},{"year":"1964","commodity_code":"1804","trade_value_usd_exp":90201739,"trade_value_usd_imp":94088297},{"year":"1964","commodity_code":"1901","trade_value_usd_exp":23429458,"trade_value_usd_imp":37626618},{"year":"1964","commodity_code":"1903","trade_value_usd_exp":9493653,"trade_value_usd_imp":3598433},{"year":"1964","commodity_code":"1904","trade_value_usd_exp":7386702,"trade_value_usd_imp":9908074},{"year":"1964","commodity_code":"1905","trade_value_usd_exp":106818660,"trade_value_usd_imp":92150080},{"year":"1964","commodity_code":"2001","trade_value_usd_exp":7154677,"trade_value_usd_imp":9065269},{"year":"1964","commodity_code":"2101","trade_value_usd_exp":2241553,"trade_value_usd_imp":2872428},{"year":"1964","commodity_code":"2102","trade_value_usd_exp":14236904,"trade_value_usd_imp":15231943},{"year":"1964","commodity_code":"2103","trade_value_usd_exp":16546947,"trade_value_usd_imp":26706961},{"year":"1964","commodity_code":"2104","trade_value_usd_exp":28195491,"trade_value_usd_imp":24290749},{"year":"1964","commodity_code":"2106","trade_value_usd_exp":74469587,"trade_value_usd_imp":67821832},{"year":"1964","commodity_code":"2201","trade_value_usd_exp":11352003,"trade_value_usd_imp":9434756},{"year":"1964","commodity_code":"2204","trade_value_usd_exp":350276033,"trade_value_usd_imp":548638403},{"year":"1964","commodity_code":"2205","trade_value_usd_exp":37581864,"trade_value_usd_imp":39371282},{"year":"1964","commodity_code":"2207","trade_value_usd_exp":25632732,"trade_value_usd_imp":31328496},{"year":"1964","commodity_code":"2209","trade_value_usd_exp":1509032,"trade_value_usd_imp":1066469},{"year":"1964","commodity_code":"2303","trade_value_usd_exp":10493388,"trade_value_usd_imp":39213998},{"year":"1964","commodity_code":"2307","trade_value_usd_exp":2978116,"trade_value_usd_imp":2745309},{"year":"1964","commodity_code":"2309","trade_value_usd_exp":115730049,"trade_value_usd_imp":101252847},{"year":"1964","commodity_code":"2504","trade_value_usd_exp":8027759,"trade_value_usd_imp":8704344},{"year":"1964","commodity_code":"2506","trade_value_usd_exp":6046424,"trade_value_usd_imp":7043329},{"year":"1964","commodity_code":"2507","trade_value_usd_exp":49971429,"trade_value_usd_imp":118458627},{"year":"1964","commodity_code":"2509","trade_value_usd_exp":4153071,"trade_value_usd_imp":5333147},{"year":"1964","commodity_code":"2511","trade_value_usd_exp":11907175,"trade_value_usd_imp":11710753},{"year":"1964","commodity_code":"2512","trade_value_usd_exp":12237883,"trade_value_usd_imp":12276491},{"year":"1964","commodity_code":"2513","trade_value_usd_exp":7446540,"trade_value_usd_imp":9641853},{"year":"1964","commodity_code":"2514","trade_value_usd_exp":4557647,"trade_value_usd_imp":3077323},{"year":"1964","commodity_code":"2515","trade_value_usd_exp":40625581,"trade_value_usd_imp":38622467},{"year":"1964","commodity_code":"2516","trade_value_usd_exp":13045097,"trade_value_usd_imp":20609186},{"year":"1964","commodity_code":"2518","trade_value_usd_exp":8748227,"trade_value_usd_imp":11463092},{"year":"1964","commodity_code":"2519","trade_value_usd_exp":37819592,"trade_value_usd_imp":40504425},{"year":"1964","commodity_code":"2520","trade_value_usd_exp":12339303,"trade_value_usd_imp":30487499},{"year":"1964","commodity_code":"2521","trade_value_usd_exp":3876339,"trade_value_usd_imp":8609181},{"year":"1964","commodity_code":"2525","trade_value_usd_exp":2936421,"trade_value_usd_imp":21613438},{"year":"1964","commodity_code":"2526","trade_value_usd_exp":13138179,"trade_value_usd_imp":16505334},{"year":"1964","commodity_code":"2527","trade_value_usd_exp":17000211,"trade_value_usd_imp":39140315},{"year":"1964","commodity_code":"2528","trade_value_usd_exp":10246725,"trade_value_usd_imp":19077451},{"year":"1964","commodity_code":"2529","trade_value_usd_exp":26810163,"trade_value_usd_imp":38485808},{"year":"1964","commodity_code":"2603","trade_value_usd_exp":70895434,"trade_value_usd_imp":157215052},{"year":"1964","commodity_code":"2604","trade_value_usd_exp":24150,"trade_value_usd_imp":21672474},{"year":"1964","commodity_code":"2605","trade_value_usd_exp":19782504,"trade_value_usd_imp":48483420},{"year":"1964","commodity_code":"2610","trade_value_usd_exp":20390056,"trade_value_usd_imp":66871355},{"year":"1964","commodity_code":"2611","trade_value_usd_exp":12111668,"trade_value_usd_imp":21619464},{"year":"1964","commodity_code":"2613","trade_value_usd_exp":99152081,"trade_value_usd_imp":111552390},{"year":"1964","commodity_code":"2616","trade_value_usd_exp":7092613,"trade_value_usd_imp":49412804},{"year":"1964","commodity_code":"2618","trade_value_usd_exp":13819733,"trade_value_usd_imp":22906074},{"year":"1964","commodity_code":"2619","trade_value_usd_exp":1599832,"trade_value_usd_imp":3550472},{"year":"1964","commodity_code":"2620","trade_value_usd_exp":108958602,"trade_value_usd_imp":128354429},{"year":"1964","commodity_code":"2704","trade_value_usd_exp":133511,"trade_value_usd_imp":1431642},{"year":"1964","commodity_code":"2708","trade_value_usd_exp":20565628,"trade_value_usd_imp":40264417},{"year":"1964","commodity_code":"2709","trade_value_usd_exp":2215404365,"trade_value_usd_imp":8415022928},{"year":"1964","commodity_code":"2710","trade_value_usd_exp":145967941,"trade_value_usd_imp":521990655},{"year":"1964","commodity_code":"2712","trade_value_usd_exp":55779201,"trade_value_usd_imp":77333867},{"year":"1964","commodity_code":"2713","trade_value_usd_exp":117437009,"trade_value_usd_imp":127926244},{"year":"1964","commodity_code":"2715","trade_value_usd_exp":7935098,"trade_value_usd_imp":12807377},{"year":"1964","commodity_code":"2801","trade_value_usd_exp":17368240,"trade_value_usd_imp":17828862},{"year":"1964","commodity_code":"2802","trade_value_usd_exp":1287241,"trade_value_usd_imp":4778339},{"year":"1964","commodity_code":"2803","trade_value_usd_exp":60198514,"trade_value_usd_imp":64740885},{"year":"1964","commodity_code":"2804","trade_value_usd_exp":19174515,"trade_value_usd_imp":33016126},{"year":"1964","commodity_code":"2805","trade_value_usd_exp":44356101,"trade_value_usd_imp":45532158},{"year":"1964","commodity_code":"2806","trade_value_usd_exp":2027385,"trade_value_usd_imp":2809453},{"year":"1964","commodity_code":"2807","trade_value_usd_exp":8527746,"trade_value_usd_imp":9900822},{"year":"1964","commodity_code":"2808","trade_value_usd_exp":1428802,"trade_value_usd_imp":2162699},{"year":"1964","commodity_code":"2809","trade_value_usd_exp":60844392,"trade_value_usd_imp":35981687},{"year":"1964","commodity_code":"2810","trade_value_usd_exp":2864244,"trade_value_usd_imp":5641326},{"year":"1964","commodity_code":"2812","trade_value_usd_exp":1639734,"trade_value_usd_imp":1889294},{"year":"1964","commodity_code":"2813","trade_value_usd_exp":3533221,"trade_value_usd_imp":4965934},{"year":"1964","commodity_code":"2814","trade_value_usd_exp":18182902,"trade_value_usd_imp":36011371},{"year":"1964","commodity_code":"2815","trade_value_usd_exp":74145796,"trade_value_usd_imp":62845122},{"year":"1964","commodity_code":"2816","trade_value_usd_exp":4840956,"trade_value_usd_imp":6020974},{"year":"1964","commodity_code":"2817","trade_value_usd_exp":11534499,"trade_value_usd_imp":11113667},{"year":"1964","commodity_code":"2818","trade_value_usd_exp":32484005,"trade_value_usd_imp":149264145},{"year":"1964","commodity_code":"2819","trade_value_usd_exp":5346276,"trade_value_usd_imp":5215869},{"year":"1964","commodity_code":"2820","trade_value_usd_exp":533672,"trade_value_usd_imp":6098475},{"year":"1964","commodity_code":"2821","trade_value_usd_exp":14013286,"trade_value_usd_imp":14276819},{"year":"1964","commodity_code":"2822","trade_value_usd_exp":1212468,"trade_value_usd_imp":6772753},{"year":"1964","commodity_code":"2823","trade_value_usd_exp":51506586,"trade_value_usd_imp":70838603},{"year":"1964","commodity_code":"2824","trade_value_usd_exp":19155597,"trade_value_usd_imp":14519465},{"year":"1964","commodity_code":"2825","trade_value_usd_exp":366516766,"trade_value_usd_imp":450784922},{"year":"1964","commodity_code":"2826","trade_value_usd_exp":12783707,"trade_value_usd_imp":14323554},{"year":"1964","commodity_code":"2828","trade_value_usd_exp":3031261,"trade_value_usd_imp":4658128},{"year":"1964","commodity_code":"2829","trade_value_usd_exp":4838173,"trade_value_usd_imp":7795378},{"year":"1964","commodity_code":"2831","trade_value_usd_exp":6623805,"trade_value_usd_imp":5471091},{"year":"1964","commodity_code":"2832","trade_value_usd_exp":4897360,"trade_value_usd_imp":6028147},{"year":"1964","commodity_code":"2833","trade_value_usd_exp":40719954,"trade_value_usd_imp":41935826},{"year":"1964","commodity_code":"2836","trade_value_usd_exp":42545550,"trade_value_usd_imp":54020404},{"year":"1964","commodity_code":"2839","trade_value_usd_exp":10525284,"trade_value_usd_imp":11741810},{"year":"1964","commodity_code":"2840","trade_value_usd_exp":10259295,"trade_value_usd_imp":30137179},{"year":"1964","commodity_code":"2847","trade_value_usd_exp":3804532,"trade_value_usd_imp":6444498},{"year":"1964","commodity_code":"2849","trade_value_usd_exp":14782407,"trade_value_usd_imp":19917460},{"year":"1964","commodity_code":"2901","trade_value_usd_exp":45462362,"trade_value_usd_imp":195896933},{"year":"1964","commodity_code":"2902","trade_value_usd_exp":36016517,"trade_value_usd_imp":28082346},{"year":"1964","commodity_code":"2903","trade_value_usd_exp":56651796,"trade_value_usd_imp":82376578},{"year":"1964","commodity_code":"2904","trade_value_usd_exp":23029444,"trade_value_usd_imp":40539493},{"year":"1964","commodity_code":"2905","trade_value_usd_exp":178850239,"trade_value_usd_imp":139965332},{"year":"1964","commodity_code":"2906","trade_value_usd_exp":12000300,"trade_value_usd_imp":11803882},{"year":"1964","commodity_code":"2907","trade_value_usd_exp":34451259,"trade_value_usd_imp":53399957},{"year":"1964","commodity_code":"2908","trade_value_usd_exp":5977423,"trade_value_usd_imp":12853599},{"year":"1964","commodity_code":"2910","trade_value_usd_exp":19002477,"trade_value_usd_imp":16139340},{"year":"1964","commodity_code":"2914","trade_value_usd_exp":33880365,"trade_value_usd_imp":52788826},{"year":"1964","commodity_code":"2915","trade_value_usd_exp":84275959,"trade_value_usd_imp":100182796},{"year":"1964","commodity_code":"2917","trade_value_usd_exp":78321845,"trade_value_usd_imp":86882260},{"year":"1964","commodity_code":"2919","trade_value_usd_exp":9386166,"trade_value_usd_imp":10988880},{"year":"1964","commodity_code":"2920","trade_value_usd_exp":11421326,"trade_value_usd_imp":12537272},{"year":"1964","commodity_code":"2921","trade_value_usd_exp":81053343,"trade_value_usd_imp":92403113},{"year":"1964","commodity_code":"2922","trade_value_usd_exp":54430413,"trade_value_usd_imp":69767956},{"year":"1964","commodity_code":"2923","trade_value_usd_exp":5269103,"trade_value_usd_imp":7332898},{"year":"1964","commodity_code":"2924","trade_value_usd_exp":77648865,"trade_value_usd_imp":50780603},{"year":"1964","commodity_code":"2925","trade_value_usd_exp":5666561,"trade_value_usd_imp":9683477},{"year":"1964","commodity_code":"2926","trade_value_usd_exp":3547784,"trade_value_usd_imp":39122785},{"year":"1964","commodity_code":"2927","trade_value_usd_exp":11315184,"trade_value_usd_imp":6746606},{"year":"1964","commodity_code":"2928","trade_value_usd_exp":2036543,"trade_value_usd_imp":5907341},{"year":"1964","commodity_code":"2929","trade_value_usd_exp":26138971,"trade_value_usd_imp":34244536},{"year":"1964","commodity_code":"2930","trade_value_usd_exp":26770321,"trade_value_usd_imp":25813473},{"year":"1964","commodity_code":"2933","trade_value_usd_exp":137680541,"trade_value_usd_imp":160190619},{"year":"1964","commodity_code":"2935","trade_value_usd_exp":29181174,"trade_value_usd_imp":27315283},{"year":"1964","commodity_code":"2938","trade_value_usd_exp":43185248,"trade_value_usd_imp":6352070},{"year":"1964","commodity_code":"3001","trade_value_usd_exp":317254470,"trade_value_usd_imp":328257627},{"year":"1964","commodity_code":"3103","trade_value_usd_exp":78938849,"trade_value_usd_imp":109484174},{"year":"1964","commodity_code":"3204","trade_value_usd_exp":411155500,"trade_value_usd_imp":333329513},{"year":"1964","commodity_code":"3205","trade_value_usd_exp":10801710,"trade_value_usd_imp":3499457},{"year":"1964","commodity_code":"3207","trade_value_usd_exp":74929288,"trade_value_usd_imp":39925982},{"year":"1964","commodity_code":"3209","trade_value_usd_exp":139206331,"trade_value_usd_imp":129550468},{"year":"1964","commodity_code":"3211","trade_value_usd_exp":1210389,"trade_value_usd_imp":2185883},{"year":"1964","commodity_code":"3213","trade_value_usd_exp":6533013,"trade_value_usd_imp":8072627},{"year":"1964","commodity_code":"3214","trade_value_usd_exp":13346110,"trade_value_usd_imp":20732263},{"year":"1964","commodity_code":"3215","trade_value_usd_exp":10415991,"trade_value_usd_imp":10377259},{"year":"1964","commodity_code":"3307","trade_value_usd_exp":33132088,"trade_value_usd_imp":33545152},{"year":"1964","commodity_code":"3406","trade_value_usd_exp":5990501,"trade_value_usd_imp":7077989},{"year":"1964","commodity_code":"3407","trade_value_usd_exp":1156503,"trade_value_usd_imp":1071809},{"year":"1964","commodity_code":"3501","trade_value_usd_exp":52184179,"trade_value_usd_imp":58648125},{"year":"1964","commodity_code":"3503","trade_value_usd_exp":35488993,"trade_value_usd_imp":23690023},{"year":"1964","commodity_code":"3505","trade_value_usd_exp":25960462,"trade_value_usd_imp":25047946},{"year":"1964","commodity_code":"3506","trade_value_usd_exp":16267723,"trade_value_usd_imp":28631566},{"year":"1964","commodity_code":"3507","trade_value_usd_exp":9378634,"trade_value_usd_imp":13445026},{"year":"1964","commodity_code":"3601","trade_value_usd_exp":7915133,"trade_value_usd_imp":7108937},{"year":"1964","commodity_code":"3602","trade_value_usd_exp":27445921,"trade_value_usd_imp":17314003},{"year":"1964","commodity_code":"3603","trade_value_usd_exp":10625510,"trade_value_usd_imp":21052276},{"year":"1964","commodity_code":"3605","trade_value_usd_exp":13449724,"trade_value_usd_imp":14601699},{"year":"1964","commodity_code":"3606","trade_value_usd_exp":4576663,"trade_value_usd_imp":5502530},{"year":"1964","commodity_code":"3701","trade_value_usd_exp":236866164,"trade_value_usd_imp":174934025},{"year":"1964","commodity_code":"3702","trade_value_usd_exp":92799606,"trade_value_usd_imp":147015613},{"year":"1964","commodity_code":"3704","trade_value_usd_exp":3472585,"trade_value_usd_imp":8747447},{"year":"1964","commodity_code":"3705","trade_value_usd_exp":5096578,"trade_value_usd_imp":7427337},{"year":"1964","commodity_code":"3706","trade_value_usd_exp":37150194,"trade_value_usd_imp":51917210},{"year":"1964","commodity_code":"3801","trade_value_usd_exp":6223383,"trade_value_usd_imp":6041493},{"year":"1964","commodity_code":"3802","trade_value_usd_exp":18581122,"trade_value_usd_imp":26220681},{"year":"1964","commodity_code":"3803","trade_value_usd_exp":15755447,"trade_value_usd_imp":9525449},{"year":"1964","commodity_code":"3804","trade_value_usd_exp":3614652,"trade_value_usd_imp":16302238},{"year":"1964","commodity_code":"3805","trade_value_usd_exp":12527630,"trade_value_usd_imp":14764577},{"year":"1964","commodity_code":"3806","trade_value_usd_exp":51944007,"trade_value_usd_imp":76831567},{"year":"1964","commodity_code":"3809","trade_value_usd_exp":14303006,"trade_value_usd_imp":26643150},{"year":"1964","commodity_code":"3810","trade_value_usd_exp":17012615,"trade_value_usd_imp":15961520},{"year":"1964","commodity_code":"3811","trade_value_usd_exp":223964127,"trade_value_usd_imp":139314099},{"year":"1964","commodity_code":"3812","trade_value_usd_exp":26830805,"trade_value_usd_imp":9824098},{"year":"1964","commodity_code":"3813","trade_value_usd_exp":3282092,"trade_value_usd_imp":2831022},{"year":"1964","commodity_code":"3815","trade_value_usd_exp":488003656,"trade_value_usd_imp":340087869},{"year":"1964","commodity_code":"3816","trade_value_usd_exp":9963944,"trade_value_usd_imp":16502998},{"year":"1964","commodity_code":"3821","trade_value_usd_exp":402229,"trade_value_usd_imp":1319404},{"year":"1964","commodity_code":"3823","trade_value_usd_exp":97743899,"trade_value_usd_imp":103588034},{"year":"1964","commodity_code":"3913","trade_value_usd_exp":18807589,"trade_value_usd_imp":48453676},{"year":"1964","commodity_code":"3919","trade_value_usd_exp":75142110,"trade_value_usd_imp":98657437},{"year":"1964","commodity_code":"3926","trade_value_usd_exp":37834731,"trade_value_usd_imp":40540390},{"year":"1964","commodity_code":"4001","trade_value_usd_exp":92503842,"trade_value_usd_imp":121020266},{"year":"1964","commodity_code":"4006","trade_value_usd_exp":89074875,"trade_value_usd_imp":144165475},{"year":"1964","commodity_code":"4016","trade_value_usd_exp":2004273833,"trade_value_usd_imp":2513318953},{"year":"1964","commodity_code":"4017","trade_value_usd_exp":4324981,"trade_value_usd_imp":5242625},{"year":"1964","commodity_code":"4104","trade_value_usd_exp":689389,"trade_value_usd_imp":161650},{"year":"1964","commodity_code":"4105","trade_value_usd_exp":66188829,"trade_value_usd_imp":83408272},{"year":"1964","commodity_code":"4106","trade_value_usd_exp":28089891,"trade_value_usd_imp":53473085},{"year":"1964","commodity_code":"4107","trade_value_usd_exp":40649518,"trade_value_usd_imp":37029276},{"year":"1964","commodity_code":"4108","trade_value_usd_exp":11707127,"trade_value_usd_imp":13229116},{"year":"1964","commodity_code":"4109","trade_value_usd_exp":12455666,"trade_value_usd_imp":9617768},{"year":"1964","commodity_code":"4202","trade_value_usd_exp":742539995,"trade_value_usd_imp":889127193},{"year":"1964","commodity_code":"4206","trade_value_usd_exp":367423513,"trade_value_usd_imp":11594704},{"year":"1964","commodity_code":"4302","trade_value_usd_exp":19209927,"trade_value_usd_imp":22206132},{"year":"1964","commodity_code":"4304","trade_value_usd_exp":3820366,"trade_value_usd_imp":8868774},{"year":"1964","commodity_code":"4401","trade_value_usd_exp":3550139,"trade_value_usd_imp":3108351},{"year":"1964","commodity_code":"4403","trade_value_usd_exp":201824042,"trade_value_usd_imp":774270845},{"year":"1964","commodity_code":"4404","trade_value_usd_exp":3112924,"trade_value_usd_imp":4368833},{"year":"1964","commodity_code":"4405","trade_value_usd_exp":2259697,"trade_value_usd_imp":3003826},{"year":"1964","commodity_code":"4407","trade_value_usd_exp":795855402,"trade_value_usd_imp":1885541798},{"year":"1964","commodity_code":"4409","trade_value_usd_exp":7680351,"trade_value_usd_imp":18662376},{"year":"1964","commodity_code":"4410","trade_value_usd_exp":34533382,"trade_value_usd_imp":38567241},{"year":"1964","commodity_code":"4412","trade_value_usd_exp":159809785,"trade_value_usd_imp":203353414},{"year":"1964","commodity_code":"4413","trade_value_usd_exp":3216015,"trade_value_usd_imp":1316035},{"year":"1964","commodity_code":"4414","trade_value_usd_exp":3043296,"trade_value_usd_imp":3408338},{"year":"1964","commodity_code":"4416","trade_value_usd_exp":856839,"trade_value_usd_imp":2143890},{"year":"1964","commodity_code":"4417","trade_value_usd_exp":7899347,"trade_value_usd_imp":11594043},{"year":"1964","commodity_code":"4418","trade_value_usd_exp":157997,"trade_value_usd_imp":1460288},{"year":"1964","commodity_code":"4419","trade_value_usd_exp":8371877,"trade_value_usd_imp":20540661},{"year":"1964","commodity_code":"4421","trade_value_usd_exp":4194581,"trade_value_usd_imp":3989780},{"year":"1964","commodity_code":"4501","trade_value_usd_exp":25869308,"trade_value_usd_imp":27878922},{"year":"1964","commodity_code":"4502","trade_value_usd_exp":10995303,"trade_value_usd_imp":5319594},{"year":"1964","commodity_code":"4503","trade_value_usd_exp":24085107,"trade_value_usd_imp":19858943},{"year":"1964","commodity_code":"4504","trade_value_usd_exp":28428715,"trade_value_usd_imp":28109030},{"year":"1964","commodity_code":"4601","trade_value_usd_exp":33425223,"trade_value_usd_imp":44368225},{"year":"1964","commodity_code":"4703","trade_value_usd_exp":435158468,"trade_value_usd_imp":669077452},{"year":"1964","commodity_code":"4704","trade_value_usd_exp":294702543,"trade_value_usd_imp":450689106},{"year":"1964","commodity_code":"4801","trade_value_usd_exp":286507480,"trade_value_usd_imp":241140633},{"year":"1964","commodity_code":"4803","trade_value_usd_exp":20086389,"trade_value_usd_imp":23959754},{"year":"1964","commodity_code":"4804","trade_value_usd_exp":490581936,"trade_value_usd_imp":342344381},{"year":"1964","commodity_code":"4812","trade_value_usd_exp":2745307,"trade_value_usd_imp":2093264},{"year":"1964","commodity_code":"4813","trade_value_usd_exp":11802907,"trade_value_usd_imp":10111065},{"year":"1964","commodity_code":"4816","trade_value_usd_exp":21870618,"trade_value_usd_imp":18703334},{"year":"1964","commodity_code":"4818","trade_value_usd_exp":47204979,"trade_value_usd_imp":54558989},{"year":"1964","commodity_code":"4819","trade_value_usd_exp":98463127,"trade_value_usd_imp":76514530},{"year":"1964","commodity_code":"4821","trade_value_usd_exp":12541088,"trade_value_usd_imp":16145072},{"year":"1964","commodity_code":"4822","trade_value_usd_exp":6583989,"trade_value_usd_imp":6517929},{"year":"1964","commodity_code":"4901","trade_value_usd_exp":380568464,"trade_value_usd_imp":355767020},{"year":"1964","commodity_code":"4903","trade_value_usd_exp":5642991,"trade_value_usd_imp":6607635},{"year":"1964","commodity_code":"4905","trade_value_usd_exp":10064855,"trade_value_usd_imp":13105067},{"year":"1964","commodity_code":"4907","trade_value_usd_exp":22704736,"trade_value_usd_imp":13669667},{"year":"1964","commodity_code":"4908","trade_value_usd_exp":5636225,"trade_value_usd_imp":8473355},{"year":"1964","commodity_code":"4909","trade_value_usd_exp":12694657,"trade_value_usd_imp":14327739},{"year":"1964","commodity_code":"4910","trade_value_usd_exp":42730169,"trade_value_usd_imp":34834383},{"year":"1964","commodity_code":"5004","trade_value_usd_exp":7438549,"trade_value_usd_imp":10108738},{"year":"1964","commodity_code":"5005","trade_value_usd_exp":4421988,"trade_value_usd_imp":6209703},{"year":"1964","commodity_code":"5006","trade_value_usd_exp":2109056,"trade_value_usd_imp":2230779},{"year":"1964","commodity_code":"5007","trade_value_usd_exp":46831972,"trade_value_usd_imp":80891500},{"year":"1964","commodity_code":"5102","trade_value_usd_exp":8644667,"trade_value_usd_imp":24726871},{"year":"1964","commodity_code":"5106","trade_value_usd_exp":54034691,"trade_value_usd_imp":70344919},{"year":"1964","commodity_code":"5107","trade_value_usd_exp":226671386,"trade_value_usd_imp":202372648},{"year":"1964","commodity_code":"5108","trade_value_usd_exp":14340031,"trade_value_usd_imp":13317024},{"year":"1964","commodity_code":"5109","trade_value_usd_exp":65542857,"trade_value_usd_imp":57746148},{"year":"1964","commodity_code":"5110","trade_value_usd_exp":9667038,"trade_value_usd_imp":9697748},{"year":"1964","commodity_code":"5111","trade_value_usd_exp":507628531,"trade_value_usd_imp":544580432},{"year":"1964","commodity_code":"5113","trade_value_usd_exp":2447837,"trade_value_usd_imp":3287020},{"year":"1964","commodity_code":"5204","trade_value_usd_exp":390100168,"trade_value_usd_imp":427985663},{"year":"1964","commodity_code":"5208","trade_value_usd_exp":700138163,"trade_value_usd_imp":1042935057},{"year":"1964","commodity_code":"5306","trade_value_usd_exp":37887658,"trade_value_usd_imp":30530694},{"year":"1964","commodity_code":"5307","trade_value_usd_exp":40367367,"trade_value_usd_imp":37491976},{"year":"1964","commodity_code":"5308","trade_value_usd_exp":3750178,"trade_value_usd_imp":3782061},{"year":"1964","commodity_code":"5309","trade_value_usd_exp":42749472,"trade_value_usd_imp":23476914},{"year":"1964","commodity_code":"5310","trade_value_usd_exp":2102040,"trade_value_usd_imp":2100985},{"year":"1964","commodity_code":"5311","trade_value_usd_exp":587873,"trade_value_usd_imp":2315245},{"year":"1964","commodity_code":"5401","trade_value_usd_exp":176340577,"trade_value_usd_imp":108527544},{"year":"1964","commodity_code":"5404","trade_value_usd_exp":16536522,"trade_value_usd_imp":12788447},{"year":"1964","commodity_code":"5405","trade_value_usd_exp":5586319,"trade_value_usd_imp":3703026},{"year":"1964","commodity_code":"5407","trade_value_usd_exp":100507647,"trade_value_usd_imp":171722138},{"year":"1964","commodity_code":"5408","trade_value_usd_exp":157940124,"trade_value_usd_imp":182955835},{"year":"1964","commodity_code":"5501","trade_value_usd_exp":37095309,"trade_value_usd_imp":33530885},{"year":"1964","commodity_code":"5502","trade_value_usd_exp":4242360,"trade_value_usd_imp":16709490},{"year":"1964","commodity_code":"5503","trade_value_usd_exp":79899955,"trade_value_usd_imp":103630911},{"year":"1964","commodity_code":"5504","trade_value_usd_exp":159703442,"trade_value_usd_imp":81529329},{"year":"1964","commodity_code":"5506","trade_value_usd_exp":61970340,"trade_value_usd_imp":61059380},{"year":"1964","commodity_code":"5507","trade_value_usd_exp":8152020,"trade_value_usd_imp":3826775},{"year":"1964","commodity_code":"5508","trade_value_usd_exp":117408010,"trade_value_usd_imp":108881589},{"year":"1964","commodity_code":"5512","trade_value_usd_exp":107359690,"trade_value_usd_imp":137654923},{"year":"1964","commodity_code":"5516","trade_value_usd_exp":179692775,"trade_value_usd_imp":222945592},{"year":"1964","commodity_code":"5605","trade_value_usd_exp":14460178,"trade_value_usd_imp":17276483},{"year":"1964","commodity_code":"5607","trade_value_usd_exp":77142252,"trade_value_usd_imp":59054786},{"year":"1964","commodity_code":"5608","trade_value_usd_exp":15477324,"trade_value_usd_imp":32172567},{"year":"1964","commodity_code":"5609","trade_value_usd_exp":1566220,"trade_value_usd_imp":59765522},{"year":"1964","commodity_code":"5801","trade_value_usd_exp":240684643,"trade_value_usd_imp":262070842},{"year":"1964","commodity_code":"5802","trade_value_usd_exp":5334981,"trade_value_usd_imp":6183779},{"year":"1964","commodity_code":"5803","trade_value_usd_exp":5054757,"trade_value_usd_imp":30172144},{"year":"1964","commodity_code":"5804","trade_value_usd_exp":46854917,"trade_value_usd_imp":48869615},{"year":"1964","commodity_code":"5806","trade_value_usd_exp":82149788,"trade_value_usd_imp":108344841},{"year":"1964","commodity_code":"5807","trade_value_usd_exp":3363161,"trade_value_usd_imp":5168366},{"year":"1964","commodity_code":"5810","trade_value_usd_exp":75627873,"trade_value_usd_imp":65718519},{"year":"1964","commodity_code":"5901","trade_value_usd_exp":5543609,"trade_value_usd_imp":6554949},{"year":"1964","commodity_code":"5904","trade_value_usd_exp":61911935,"trade_value_usd_imp":57251914},{"year":"1964","commodity_code":"5905","trade_value_usd_exp":12275793,"trade_value_usd_imp":13518800},{"year":"1964","commodity_code":"5908","trade_value_usd_exp":3539077,"trade_value_usd_imp":3488912},{"year":"1964","commodity_code":"6111","trade_value_usd_exp":220237420,"trade_value_usd_imp":281345622},{"year":"1964","commodity_code":"6201","trade_value_usd_exp":313666283,"trade_value_usd_imp":284870749},{"year":"1964","commodity_code":"6202","trade_value_usd_exp":314180085,"trade_value_usd_imp":369803121},{"year":"1964","commodity_code":"6205","trade_value_usd_exp":69695348,"trade_value_usd_imp":124906619},{"year":"1964","commodity_code":"6208","trade_value_usd_exp":53998146,"trade_value_usd_imp":45383787},{"year":"1964","commodity_code":"6209","trade_value_usd_exp":37489925,"trade_value_usd_imp":20708154},{"year":"1964","commodity_code":"6212","trade_value_usd_exp":56618555,"trade_value_usd_imp":71572167},{"year":"1964","commodity_code":"6213","trade_value_usd_exp":25911403,"trade_value_usd_imp":38344316},{"year":"1964","commodity_code":"6214","trade_value_usd_exp":37041112,"trade_value_usd_imp":65667641},{"year":"1964","commodity_code":"6215","trade_value_usd_exp":6769562,"trade_value_usd_imp":6783771},{"year":"1964","commodity_code":"6301","trade_value_usd_exp":55849686,"trade_value_usd_imp":40761780},{"year":"1964","commodity_code":"6302","trade_value_usd_exp":95025072,"trade_value_usd_imp":181741343},{"year":"1964","commodity_code":"6307","trade_value_usd_exp":107744,"trade_value_usd_imp":460449},{"year":"1964","commodity_code":"6309","trade_value_usd_exp":8447974,"trade_value_usd_imp":36934872},{"year":"1964","commodity_code":"6310","trade_value_usd_exp":67415276,"trade_value_usd_imp":85685885},{"year":"1964","commodity_code":"6401","trade_value_usd_exp":40656474,"trade_value_usd_imp":89693542},{"year":"1964","commodity_code":"6403","trade_value_usd_exp":409416441,"trade_value_usd_imp":443006739},{"year":"1964","commodity_code":"6405","trade_value_usd_exp":35498154,"trade_value_usd_imp":7563279},{"year":"1964","commodity_code":"6406","trade_value_usd_exp":554553,"trade_value_usd_imp":414082},{"year":"1964","commodity_code":"6501","trade_value_usd_exp":9011858,"trade_value_usd_imp":8619225},{"year":"1964","commodity_code":"6502","trade_value_usd_exp":5029226,"trade_value_usd_imp":6366373},{"year":"1964","commodity_code":"6503","trade_value_usd_exp":39642091,"trade_value_usd_imp":52601273},{"year":"1964","commodity_code":"6504","trade_value_usd_exp":10602136,"trade_value_usd_imp":7304686},{"year":"1964","commodity_code":"6506","trade_value_usd_exp":15598083,"trade_value_usd_imp":16638246},{"year":"1964","commodity_code":"6507","trade_value_usd_exp":1748573,"trade_value_usd_imp":4149445},{"year":"1964","commodity_code":"6601","trade_value_usd_exp":9531505,"trade_value_usd_imp":17376439},{"year":"1964","commodity_code":"6602","trade_value_usd_exp":510681,"trade_value_usd_imp":412391},{"year":"1964","commodity_code":"6603","trade_value_usd_exp":9593792,"trade_value_usd_imp":10721829},{"year":"1964","commodity_code":"6701","trade_value_usd_exp":1165306,"trade_value_usd_imp":1882608},{"year":"1964","commodity_code":"6702","trade_value_usd_exp":57514666,"trade_value_usd_imp":62784994},{"year":"1964","commodity_code":"6703","trade_value_usd_exp":4362028,"trade_value_usd_imp":3226239},{"year":"1964","commodity_code":"6801","trade_value_usd_exp":2793578,"trade_value_usd_imp":4085270},{"year":"1964","commodity_code":"6802","trade_value_usd_exp":3387112,"trade_value_usd_imp":2948214},{"year":"1964","commodity_code":"6804","trade_value_usd_exp":34586266,"trade_value_usd_imp":44306793},{"year":"1964","commodity_code":"6807","trade_value_usd_exp":9837840,"trade_value_usd_imp":4396018},{"year":"1964","commodity_code":"6808","trade_value_usd_exp":3841207,"trade_value_usd_imp":5686539},{"year":"1964","commodity_code":"6809","trade_value_usd_exp":7732416,"trade_value_usd_imp":9131436},{"year":"1964","commodity_code":"6810","trade_value_usd_exp":31194576,"trade_value_usd_imp":33184076},{"year":"1964","commodity_code":"6811","trade_value_usd_exp":54548093,"trade_value_usd_imp":63834063},{"year":"1964","commodity_code":"6812","trade_value_usd_exp":42702620,"trade_value_usd_imp":33762688},{"year":"1964","commodity_code":"6813","trade_value_usd_exp":28948913,"trade_value_usd_imp":26207607},{"year":"1964","commodity_code":"6815","trade_value_usd_exp":23786406,"trade_value_usd_imp":33577264},{"year":"1964","commodity_code":"6901","trade_value_usd_exp":5128893,"trade_value_usd_imp":3028831},{"year":"1964","commodity_code":"6902","trade_value_usd_exp":84399247,"trade_value_usd_imp":105714143},{"year":"1964","commodity_code":"6904","trade_value_usd_exp":23534934,"trade_value_usd_imp":57603306},{"year":"1964","commodity_code":"6905","trade_value_usd_exp":4636117,"trade_value_usd_imp":5879360},{"year":"1964","commodity_code":"6906","trade_value_usd_exp":5377276,"trade_value_usd_imp":8144962},{"year":"1964","commodity_code":"6907","trade_value_usd_exp":29503208,"trade_value_usd_imp":36830993},{"year":"1964","commodity_code":"6908","trade_value_usd_exp":39628458,"trade_value_usd_imp":53623010},{"year":"1964","commodity_code":"6914","trade_value_usd_exp":3583534,"trade_value_usd_imp":5443426},{"year":"1964","commodity_code":"7001","trade_value_usd_exp":2169701,"trade_value_usd_imp":2250571},{"year":"1964","commodity_code":"7002","trade_value_usd_exp":22393691,"trade_value_usd_imp":25248717},{"year":"1964","commodity_code":"7003","trade_value_usd_exp":19921047,"trade_value_usd_imp":22100064},{"year":"1964","commodity_code":"7010","trade_value_usd_exp":95254331,"trade_value_usd_imp":89875679},{"year":"1964","commodity_code":"7011","trade_value_usd_exp":40462019,"trade_value_usd_imp":41646378},{"year":"1964","commodity_code":"7012","trade_value_usd_exp":17580636,"trade_value_usd_imp":46636644},{"year":"1964","commodity_code":"7014","trade_value_usd_exp":29931960,"trade_value_usd_imp":39735922},{"year":"1964","commodity_code":"7015","trade_value_usd_exp":1302665,"trade_value_usd_imp":1407343},{"year":"1964","commodity_code":"7016","trade_value_usd_exp":22804316,"trade_value_usd_imp":18080412},{"year":"1964","commodity_code":"7019","trade_value_usd_exp":17639559,"trade_value_usd_imp":26391002},{"year":"1964","commodity_code":"7105","trade_value_usd_exp":9824870,"trade_value_usd_imp":23910465},{"year":"1964","commodity_code":"7106","trade_value_usd_exp":137360096,"trade_value_usd_imp":277604695},{"year":"1964","commodity_code":"7107","trade_value_usd_exp":1399815,"trade_value_usd_imp":1758196},{"year":"1964","commodity_code":"7110","trade_value_usd_exp":87118970,"trade_value_usd_imp":105978561},{"year":"1964","commodity_code":"7111","trade_value_usd_exp":179267,"trade_value_usd_imp":268819},{"year":"1964","commodity_code":"7113","trade_value_usd_exp":146211077,"trade_value_usd_imp":83148853},{"year":"1964","commodity_code":"7114","trade_value_usd_exp":27016532,"trade_value_usd_imp":8434487},{"year":"1964","commodity_code":"7115","trade_value_usd_exp":6253296,"trade_value_usd_imp":4601054},{"year":"1964","commodity_code":"7116","trade_value_usd_exp":5631328,"trade_value_usd_imp":14610922},{"year":"1964","commodity_code":"7117","trade_value_usd_exp":28108374,"trade_value_usd_imp":39494818},{"year":"1964","commodity_code":"7203","trade_value_usd_exp":6409717,"trade_value_usd_imp":5590364},{"year":"1964","commodity_code":"7204","trade_value_usd_exp":5944647,"trade_value_usd_imp":5461316},{"year":"1964","commodity_code":"7205","trade_value_usd_exp":8607155,"trade_value_usd_imp":13477634},{"year":"1964","commodity_code":"7206","trade_value_usd_exp":39106385,"trade_value_usd_imp":59979426},{"year":"1964","commodity_code":"7207","trade_value_usd_exp":239593529,"trade_value_usd_imp":209535805},{"year":"1964","commodity_code":"7208","trade_value_usd_exp":1460398453,"trade_value_usd_imp":1627150377},{"year":"1964","commodity_code":"7211","trade_value_usd_exp":720288537,"trade_value_usd_imp":662701016},{"year":"1964","commodity_code":"7213","trade_value_usd_exp":230263949,"trade_value_usd_imp":264606909},{"year":"1964","commodity_code":"7214","trade_value_usd_exp":126202488,"trade_value_usd_imp":150207843},{"year":"1964","commodity_code":"7216","trade_value_usd_exp":399446800,"trade_value_usd_imp":286677986},{"year":"1964","commodity_code":"7217","trade_value_usd_exp":40070607,"trade_value_usd_imp":16312676},{"year":"1964","commodity_code":"7218","trade_value_usd_exp":17064842,"trade_value_usd_imp":13507463},{"year":"1964","commodity_code":"7219","trade_value_usd_exp":240272966,"trade_value_usd_imp":209599070},{"year":"1964","commodity_code":"7220","trade_value_usd_exp":61404867,"trade_value_usd_imp":41375718},{"year":"1964","commodity_code":"7221","trade_value_usd_exp":162980460,"trade_value_usd_imp":131630692},{"year":"1964","commodity_code":"7223","trade_value_usd_exp":32189652,"trade_value_usd_imp":33242862},{"year":"1964","commodity_code":"7309","trade_value_usd_exp":112993806,"trade_value_usd_imp":97475587},{"year":"1964","commodity_code":"7311","trade_value_usd_exp":37083709,"trade_value_usd_imp":32681618},{"year":"1964","commodity_code":"7312","trade_value_usd_exp":66198818,"trade_value_usd_imp":66687453},{"year":"1964","commodity_code":"7314","trade_value_usd_exp":50191316,"trade_value_usd_imp":46720091},{"year":"1964","commodity_code":"7317","trade_value_usd_exp":39550185,"trade_value_usd_imp":70308556},{"year":"1964","commodity_code":"7318","trade_value_usd_exp":103777331,"trade_value_usd_imp":171255673},{"year":"1964","commodity_code":"7319","trade_value_usd_exp":11319023,"trade_value_usd_imp":15496035},{"year":"1964","commodity_code":"7320","trade_value_usd_exp":5318072,"trade_value_usd_imp":9116483},{"year":"1964","commodity_code":"7321","trade_value_usd_exp":110948385,"trade_value_usd_imp":107287770},{"year":"1964","commodity_code":"7323","trade_value_usd_exp":75840014,"trade_value_usd_imp":71976651},{"year":"1964","commodity_code":"7401","trade_value_usd_exp":276066489,"trade_value_usd_imp":453666044},{"year":"1964","commodity_code":"7402","trade_value_usd_exp":630661671,"trade_value_usd_imp":1117064456},{"year":"1964","commodity_code":"7404","trade_value_usd_exp":149401820,"trade_value_usd_imp":178891892},{"year":"1964","commodity_code":"7405","trade_value_usd_exp":897085,"trade_value_usd_imp":22821256},{"year":"1964","commodity_code":"7406","trade_value_usd_exp":5564086,"trade_value_usd_imp":6880059},{"year":"1964","commodity_code":"7407","trade_value_usd_exp":269274745,"trade_value_usd_imp":266535106},{"year":"1964","commodity_code":"7409","trade_value_usd_exp":105942296,"trade_value_usd_imp":85757934},{"year":"1964","commodity_code":"7410","trade_value_usd_exp":17745163,"trade_value_usd_imp":28338883},{"year":"1964","commodity_code":"7412","trade_value_usd_exp":14471857,"trade_value_usd_imp":20577667},{"year":"1964","commodity_code":"7413","trade_value_usd_exp":18343684,"trade_value_usd_imp":5335108},{"year":"1964","commodity_code":"7414","trade_value_usd_exp":29501931,"trade_value_usd_imp":21298790},{"year":"1964","commodity_code":"7415","trade_value_usd_exp":12468965,"trade_value_usd_imp":9969175},{"year":"1964","commodity_code":"7417","trade_value_usd_exp":16940481,"trade_value_usd_imp":24693000},{"year":"1964","commodity_code":"7501","trade_value_usd_exp":818453,"trade_value_usd_imp":127554051},{"year":"1964","commodity_code":"7503","trade_value_usd_exp":3444632,"trade_value_usd_imp":10183001},{"year":"1964","commodity_code":"7504","trade_value_usd_exp":15646754,"trade_value_usd_imp":16006310},{"year":"1964","commodity_code":"7505","trade_value_usd_exp":20259130,"trade_value_usd_imp":33099289},{"year":"1964","commodity_code":"7508","trade_value_usd_exp":5440655,"trade_value_usd_imp":9558601},{"year":"1964","commodity_code":"7602","trade_value_usd_exp":35437114,"trade_value_usd_imp":51194987},{"year":"1964","commodity_code":"7603","trade_value_usd_exp":2704317,"trade_value_usd_imp":4553145},{"year":"1964","commodity_code":"7604","trade_value_usd_exp":78276273,"trade_value_usd_imp":89774409},{"year":"1964","commodity_code":"7606","trade_value_usd_exp":148898431,"trade_value_usd_imp":188400709},{"year":"1964","commodity_code":"7607","trade_value_usd_exp":75144766,"trade_value_usd_imp":66472920},{"year":"1964","commodity_code":"7609","trade_value_usd_exp":1154850,"trade_value_usd_imp":3235321},{"year":"1964","commodity_code":"7611","trade_value_usd_exp":18111975,"trade_value_usd_imp":15039423},{"year":"1964","commodity_code":"7613","trade_value_usd_exp":330716,"trade_value_usd_imp":547828},{"year":"1964","commodity_code":"7614","trade_value_usd_exp":11841876,"trade_value_usd_imp":18100775},{"year":"1964","commodity_code":"7615","trade_value_usd_exp":24881164,"trade_value_usd_imp":24285877},{"year":"1964","commodity_code":"7802","trade_value_usd_exp":11533823,"trade_value_usd_imp":12934228},{"year":"1964","commodity_code":"7803","trade_value_usd_exp":28444385,"trade_value_usd_imp":4675910},{"year":"1964","commodity_code":"7804","trade_value_usd_exp":5297984,"trade_value_usd_imp":4437660},{"year":"1964","commodity_code":"7902","trade_value_usd_exp":7413777,"trade_value_usd_imp":6821662},{"year":"1964","commodity_code":"7904","trade_value_usd_exp":2336523,"trade_value_usd_imp":2326887},{"year":"1964","commodity_code":"7905","trade_value_usd_exp":24271811,"trade_value_usd_imp":25029091},{"year":"1964","commodity_code":"8002","trade_value_usd_exp":2018667,"trade_value_usd_imp":4858254},{"year":"1964","commodity_code":"8003","trade_value_usd_exp":67535324,"trade_value_usd_imp":6674107},{"year":"1964","commodity_code":"8004","trade_value_usd_exp":3600139,"trade_value_usd_imp":11623720},{"year":"1964","commodity_code":"8101","trade_value_usd_exp":8623357,"trade_value_usd_imp":10533184},{"year":"1964","commodity_code":"8102","trade_value_usd_exp":11946207,"trade_value_usd_imp":11837794},{"year":"1964","commodity_code":"8103","trade_value_usd_exp":2943806,"trade_value_usd_imp":3075554},{"year":"1964","commodity_code":"8104","trade_value_usd_exp":18000578,"trade_value_usd_imp":34633156},{"year":"1964","commodity_code":"8112","trade_value_usd_exp":1507046,"trade_value_usd_imp":892159},{"year":"1964","commodity_code":"8201","trade_value_usd_exp":17462973,"trade_value_usd_imp":30100889},{"year":"1964","commodity_code":"8202","trade_value_usd_exp":47979385,"trade_value_usd_imp":50817295},{"year":"1964","commodity_code":"8204","trade_value_usd_exp":271194088,"trade_value_usd_imp":253953894},{"year":"1964","commodity_code":"8205","trade_value_usd_exp":126700122,"trade_value_usd_imp":105244256},{"year":"1964","commodity_code":"8208","trade_value_usd_exp":19547213,"trade_value_usd_imp":22923434},{"year":"1964","commodity_code":"8209","trade_value_usd_exp":19895639,"trade_value_usd_imp":18510226},{"year":"1964","commodity_code":"8210","trade_value_usd_exp":8931962,"trade_value_usd_imp":18800599},{"year":"1964","commodity_code":"8211","trade_value_usd_exp":27451481,"trade_value_usd_imp":27360175},{"year":"1964","commodity_code":"8212","trade_value_usd_exp":57234627,"trade_value_usd_imp":70208753},{"year":"1964","commodity_code":"8213","trade_value_usd_exp":13598049,"trade_value_usd_imp":15172688},{"year":"1964","commodity_code":"8215","trade_value_usd_exp":25597993,"trade_value_usd_imp":43720579},{"year":"1964","commodity_code":"8301","trade_value_usd_exp":48843552,"trade_value_usd_imp":47002457},{"year":"1964","commodity_code":"8302","trade_value_usd_exp":132915608,"trade_value_usd_imp":116654308},{"year":"1964","commodity_code":"8304","trade_value_usd_exp":24243317,"trade_value_usd_imp":17107075},{"year":"1964","commodity_code":"8305","trade_value_usd_exp":15888415,"trade_value_usd_imp":17258286},{"year":"1964","commodity_code":"8306","trade_value_usd_exp":2264632,"trade_value_usd_imp":2861432},{"year":"1964","commodity_code":"8308","trade_value_usd_exp":33975825,"trade_value_usd_imp":34589269},{"year":"1964","commodity_code":"8309","trade_value_usd_exp":28443869,"trade_value_usd_imp":31398674},{"year":"1964","commodity_code":"8310","trade_value_usd_exp":6344721,"trade_value_usd_imp":10476198},{"year":"1964","commodity_code":"8311","trade_value_usd_exp":36814876,"trade_value_usd_imp":45025632},{"year":"1964","commodity_code":"8401","trade_value_usd_exp":856349592,"trade_value_usd_imp":549489399},{"year":"1964","commodity_code":"8405","trade_value_usd_exp":4916458,"trade_value_usd_imp":6347916},{"year":"1964","commodity_code":"8406","trade_value_usd_exp":108387455,"trade_value_usd_imp":72703031},{"year":"1964","commodity_code":"8407","trade_value_usd_exp":49235225,"trade_value_usd_imp":115892867},{"year":"1964","commodity_code":"8410","trade_value_usd_exp":35653506,"trade_value_usd_imp":35198584},{"year":"1964","commodity_code":"8411","trade_value_usd_exp":261147078,"trade_value_usd_imp":348033919},{"year":"1964","commodity_code":"8413","trade_value_usd_exp":474603286,"trade_value_usd_imp":342948956},{"year":"1964","commodity_code":"8414","trade_value_usd_exp":289106884,"trade_value_usd_imp":347190052},{"year":"1964","commodity_code":"8415","trade_value_usd_exp":29374192,"trade_value_usd_imp":72139646},{"year":"1964","commodity_code":"8416","trade_value_usd_exp":44667654,"trade_value_usd_imp":48139412},{"year":"1964","commodity_code":"8417","trade_value_usd_exp":91259414,"trade_value_usd_imp":77421579},{"year":"1964","commodity_code":"8418","trade_value_usd_exp":389189192,"trade_value_usd_imp":321261472},{"year":"1964","commodity_code":"8419","trade_value_usd_exp":733508651,"trade_value_usd_imp":675047050},{"year":"1964","commodity_code":"8420","trade_value_usd_exp":133161220,"trade_value_usd_imp":28604587},{"year":"1964","commodity_code":"8422","trade_value_usd_exp":206186519,"trade_value_usd_imp":209761937},{"year":"1964","commodity_code":"8423","trade_value_usd_exp":58509297,"trade_value_usd_imp":50891548},{"year":"1964","commodity_code":"8424","trade_value_usd_exp":478715197,"trade_value_usd_imp":397134813},{"year":"1964","commodity_code":"8425","trade_value_usd_exp":859709549,"trade_value_usd_imp":581717306},{"year":"1964","commodity_code":"8426","trade_value_usd_exp":193813206,"trade_value_usd_imp":119267241},{"year":"1964","commodity_code":"8428","trade_value_usd_exp":124660328,"trade_value_usd_imp":159243909},{"year":"1964","commodity_code":"8429","trade_value_usd_exp":870065584,"trade_value_usd_imp":773313145},{"year":"1964","commodity_code":"8430","trade_value_usd_exp":79471066,"trade_value_usd_imp":93713424},{"year":"1964","commodity_code":"8434","trade_value_usd_exp":21177191,"trade_value_usd_imp":24794591},{"year":"1964","commodity_code":"8435","trade_value_usd_exp":5785589,"trade_value_usd_imp":4473350},{"year":"1964","commodity_code":"8436","trade_value_usd_exp":20685704,"trade_value_usd_imp":42641066},{"year":"1964","commodity_code":"8437","trade_value_usd_exp":34414533,"trade_value_usd_imp":37012379},{"year":"1964","commodity_code":"8438","trade_value_usd_exp":201589298,"trade_value_usd_imp":142609634},{"year":"1964","commodity_code":"8439","trade_value_usd_exp":158607370,"trade_value_usd_imp":178547198},{"year":"1964","commodity_code":"8440","trade_value_usd_exp":28344417,"trade_value_usd_imp":27400197},{"year":"1964","commodity_code":"8441","trade_value_usd_exp":103012394,"trade_value_usd_imp":113244175},{"year":"1964","commodity_code":"8442","trade_value_usd_exp":74028029,"trade_value_usd_imp":81785346},{"year":"1964","commodity_code":"8443","trade_value_usd_exp":278608928,"trade_value_usd_imp":237193913},{"year":"1964","commodity_code":"8444","trade_value_usd_exp":266403023,"trade_value_usd_imp":260909025},{"year":"1964","commodity_code":"8446","trade_value_usd_exp":252642788,"trade_value_usd_imp":302593336},{"year":"1964","commodity_code":"8448","trade_value_usd_exp":210780893,"trade_value_usd_imp":172215826},{"year":"1964","commodity_code":"8449","trade_value_usd_exp":2219521,"trade_value_usd_imp":4206932},{"year":"1964","commodity_code":"8450","trade_value_usd_exp":321414418,"trade_value_usd_imp":318143846},{"year":"1964","commodity_code":"8454","trade_value_usd_exp":35074532,"trade_value_usd_imp":73974858},{"year":"1964","commodity_code":"8455","trade_value_usd_exp":253499997,"trade_value_usd_imp":166394769},{"year":"1964","commodity_code":"8472","trade_value_usd_exp":39413365,"trade_value_usd_imp":76403146},{"year":"1964","commodity_code":"8473","trade_value_usd_exp":1047540518,"trade_value_usd_imp":790293746},{"year":"1964","commodity_code":"8474","trade_value_usd_exp":198385318,"trade_value_usd_imp":210806488},{"year":"1964","commodity_code":"8475","trade_value_usd_exp":38664923,"trade_value_usd_imp":39053964},{"year":"1964","commodity_code":"8479","trade_value_usd_exp":123283899,"trade_value_usd_imp":112872446},{"year":"1964","commodity_code":"8481","trade_value_usd_exp":280605666,"trade_value_usd_imp":349614578},{"year":"1964","commodity_code":"8483","trade_value_usd_exp":193548916,"trade_value_usd_imp":338156759},{"year":"1964","commodity_code":"8484","trade_value_usd_exp":128996043,"trade_value_usd_imp":246556744},{"year":"1964","commodity_code":"8501","trade_value_usd_exp":151867912,"trade_value_usd_imp":214371839},{"year":"1964","commodity_code":"8505","trade_value_usd_exp":21239238,"trade_value_usd_imp":31297398},{"year":"1964","commodity_code":"8506","trade_value_usd_exp":63529947,"trade_value_usd_imp":68519099},{"year":"1964","commodity_code":"8510","trade_value_usd_exp":41334892,"trade_value_usd_imp":43645288},{"year":"1964","commodity_code":"8511","trade_value_usd_exp":80093147,"trade_value_usd_imp":113130298},{"year":"1964","commodity_code":"8512","trade_value_usd_exp":43247917,"trade_value_usd_imp":63436914},{"year":"1964","commodity_code":"8513","trade_value_usd_exp":17461157,"trade_value_usd_imp":20162370},{"year":"1964","commodity_code":"8516","trade_value_usd_exp":111909981,"trade_value_usd_imp":117098189},{"year":"1964","commodity_code":"8518","trade_value_usd_exp":41344734,"trade_value_usd_imp":80345092},{"year":"1964","commodity_code":"8519","trade_value_usd_exp":175839591,"trade_value_usd_imp":259532007},{"year":"1964","commodity_code":"8522","trade_value_usd_exp":34564728,"trade_value_usd_imp":43368711},{"year":"1964","commodity_code":"8530","trade_value_usd_exp":12389399,"trade_value_usd_imp":12254597},{"year":"1964","commodity_code":"8531","trade_value_usd_exp":11677700,"trade_value_usd_imp":18607607},{"year":"1964","commodity_code":"8532","trade_value_usd_exp":64585162,"trade_value_usd_imp":107560347},{"year":"1964","commodity_code":"8539","trade_value_usd_exp":15429192,"trade_value_usd_imp":32479111},{"year":"1964","commodity_code":"8544","trade_value_usd_exp":24747415,"trade_value_usd_imp":20284082},{"year":"1964","commodity_code":"8545","trade_value_usd_exp":42165638,"trade_value_usd_imp":65321493},{"year":"1964","commodity_code":"8546","trade_value_usd_exp":20422071,"trade_value_usd_imp":29131080},{"year":"1964","commodity_code":"8547","trade_value_usd_exp":16742652,"trade_value_usd_imp":31681232},{"year":"1964","commodity_code":"8604","trade_value_usd_exp":2899641,"trade_value_usd_imp":4329484},{"year":"1964","commodity_code":"8606","trade_value_usd_exp":57347932,"trade_value_usd_imp":36610819},{"year":"1964","commodity_code":"8609","trade_value_usd_exp":12861375,"trade_value_usd_imp":2404468},{"year":"1964","commodity_code":"8706","trade_value_usd_exp":21959545,"trade_value_usd_imp":29931506},{"year":"1964","commodity_code":"8711","trade_value_usd_exp":103832396,"trade_value_usd_imp":175578034},{"year":"1964","commodity_code":"8712","trade_value_usd_exp":50878922,"trade_value_usd_imp":57044230},{"year":"1964","commodity_code":"8801","trade_value_usd_exp":56237,"trade_value_usd_imp":637154},{"year":"1964","commodity_code":"8904","trade_value_usd_exp":12589374,"trade_value_usd_imp":12136200},{"year":"1964","commodity_code":"8905","trade_value_usd_exp":51826233,"trade_value_usd_imp":28429998},{"year":"1964","commodity_code":"8907","trade_value_usd_exp":9493867,"trade_value_usd_imp":3509069},{"year":"1964","commodity_code":"9002","trade_value_usd_exp":8162498,"trade_value_usd_imp":29675830},{"year":"1964","commodity_code":"9003","trade_value_usd_exp":31395542,"trade_value_usd_imp":34500262},{"year":"1964","commodity_code":"9004","trade_value_usd_exp":25136276,"trade_value_usd_imp":27762415},{"year":"1964","commodity_code":"9005","trade_value_usd_exp":5460621,"trade_value_usd_imp":18037644},{"year":"1964","commodity_code":"9008","trade_value_usd_exp":26327884,"trade_value_usd_imp":30939980},{"year":"1964","commodity_code":"9014","trade_value_usd_exp":109548368,"trade_value_usd_imp":123541461},{"year":"1964","commodity_code":"9016","trade_value_usd_exp":8827997,"trade_value_usd_imp":8586700},{"year":"1964","commodity_code":"9018","trade_value_usd_exp":137535722,"trade_value_usd_imp":113535391},{"year":"1964","commodity_code":"9019","trade_value_usd_exp":11710024,"trade_value_usd_imp":16630802},{"year":"1964","commodity_code":"9021","trade_value_usd_exp":30208999,"trade_value_usd_imp":31739390},{"year":"1964","commodity_code":"9023","trade_value_usd_exp":17515741,"trade_value_usd_imp":15450981},{"year":"1964","commodity_code":"9024","trade_value_usd_exp":15586479,"trade_value_usd_imp":25795667},{"year":"1964","commodity_code":"9025","trade_value_usd_exp":19808132,"trade_value_usd_imp":23502601},{"year":"1964","commodity_code":"9026","trade_value_usd_exp":83111157,"trade_value_usd_imp":112106826},{"year":"1964","commodity_code":"9027","trade_value_usd_exp":26403858,"trade_value_usd_imp":93241568},{"year":"1964","commodity_code":"9028","trade_value_usd_exp":45821240,"trade_value_usd_imp":41796015},{"year":"1964","commodity_code":"9029","trade_value_usd_exp":20401254,"trade_value_usd_imp":21607426},{"year":"1964","commodity_code":"9032","trade_value_usd_exp":229593909,"trade_value_usd_imp":387157796},{"year":"1964","commodity_code":"9101","trade_value_usd_exp":307652908,"trade_value_usd_imp":188582614},{"year":"1964","commodity_code":"9103","trade_value_usd_exp":4577612,"trade_value_usd_imp":5737067},{"year":"1964","commodity_code":"9104","trade_value_usd_exp":970401,"trade_value_usd_imp":862384},{"year":"1964","commodity_code":"9105","trade_value_usd_exp":47586493,"trade_value_usd_imp":41675300},{"year":"1964","commodity_code":"9106","trade_value_usd_exp":6909561,"trade_value_usd_imp":7835622},{"year":"1964","commodity_code":"9107","trade_value_usd_exp":11793456,"trade_value_usd_imp":17499905},{"year":"1964","commodity_code":"9108","trade_value_usd_exp":61266631,"trade_value_usd_imp":54676687},{"year":"1964","commodity_code":"9109","trade_value_usd_exp":8619237,"trade_value_usd_imp":8712204},{"year":"1964","commodity_code":"9110","trade_value_usd_exp":45313623,"trade_value_usd_imp":49798005},{"year":"1964","commodity_code":"9111","trade_value_usd_exp":10475777,"trade_value_usd_imp":15732266},{"year":"1964","commodity_code":"9112","trade_value_usd_exp":1836446,"trade_value_usd_imp":2210319},{"year":"1964","commodity_code":"9201","trade_value_usd_exp":14427057,"trade_value_usd_imp":21286586},{"year":"1964","commodity_code":"9202","trade_value_usd_exp":8453729,"trade_value_usd_imp":16637629},{"year":"1964","commodity_code":"9203","trade_value_usd_exp":29999313,"trade_value_usd_imp":28249734},{"year":"1964","commodity_code":"9206","trade_value_usd_exp":2534870,"trade_value_usd_imp":4784130},{"year":"1964","commodity_code":"9207","trade_value_usd_exp":5723430,"trade_value_usd_imp":13940017},{"year":"1964","commodity_code":"9208","trade_value_usd_exp":2527470,"trade_value_usd_imp":6962707},{"year":"1964","commodity_code":"9209","trade_value_usd_exp":1645538,"trade_value_usd_imp":1890509},{"year":"1964","commodity_code":"9301","trade_value_usd_exp":2395423,"trade_value_usd_imp":26212048},{"year":"1964","commodity_code":"9302","trade_value_usd_exp":4261474,"trade_value_usd_imp":5689327},{"year":"1964","commodity_code":"9303","trade_value_usd_exp":27707002,"trade_value_usd_imp":21817996},{"year":"1964","commodity_code":"9304","trade_value_usd_exp":2553822,"trade_value_usd_imp":3145875},{"year":"1964","commodity_code":"9305","trade_value_usd_exp":7712821,"trade_value_usd_imp":11641963},{"year":"1964","commodity_code":"9306","trade_value_usd_exp":17406897,"trade_value_usd_imp":24483722},{"year":"1964","commodity_code":"9307","trade_value_usd_exp":623651,"trade_value_usd_imp":1539639},{"year":"1964","commodity_code":"9401","trade_value_usd_exp":143688626,"trade_value_usd_imp":156627218},{"year":"1964","commodity_code":"9403","trade_value_usd_exp":223415678,"trade_value_usd_imp":191005446},{"year":"1964","commodity_code":"9404","trade_value_usd_exp":20760863,"trade_value_usd_imp":18841578},{"year":"1964","commodity_code":"9405","trade_value_usd_exp":114615787,"trade_value_usd_imp":118072086},{"year":"1964","commodity_code":"9501","trade_value_usd_exp":19351387,"trade_value_usd_imp":50986705},{"year":"1964","commodity_code":"9504","trade_value_usd_exp":43207445,"trade_value_usd_imp":87460078},{"year":"1964","commodity_code":"9506","trade_value_usd_exp":75195142,"trade_value_usd_imp":88804968},{"year":"1964","commodity_code":"9507","trade_value_usd_exp":23656871,"trade_value_usd_imp":36049014},{"year":"1964","commodity_code":"9603","trade_value_usd_exp":37421943,"trade_value_usd_imp":37835949},{"year":"1964","commodity_code":"9604","trade_value_usd_exp":1016243,"trade_value_usd_imp":726242},{"year":"1964","commodity_code":"9607","trade_value_usd_exp":18639455,"trade_value_usd_imp":23501196},{"year":"1964","commodity_code":"9608","trade_value_usd_exp":74836898,"trade_value_usd_imp":71401677},{"year":"1964","commodity_code":"9610","trade_value_usd_exp":2005396,"trade_value_usd_imp":1442227},{"year":"1964","commodity_code":"9611","trade_value_usd_exp":10192630,"trade_value_usd_imp":3278459},{"year":"1964","commodity_code":"9612","trade_value_usd_exp":6641736,"trade_value_usd_imp":7379778},{"year":"1964","commodity_code":"9613","trade_value_usd_exp":28470703,"trade_value_usd_imp":35866768},{"year":"1964","commodity_code":"9614","trade_value_usd_exp":17907721,"trade_value_usd_imp":21912406},{"year":"1964","commodity_code":"9615","trade_value_usd_exp":7520748,"trade_value_usd_imp":7815699},{"year":"1964","commodity_code":"9616","trade_value_usd_exp":3245728,"trade_value_usd_imp":5541480},{"year":"1964","commodity_code":"9617","trade_value_usd_exp":26018233,"trade_value_usd_imp":11852572},{"year":"1964","commodity_code":"9618","trade_value_usd_exp":4502789,"trade_value_usd_imp":3383174},{"year":"1964","commodity_code":"9701","trade_value_usd_exp":109664631,"trade_value_usd_imp":152063073},{"year":"1964","commodity_code":"9702","trade_value_usd_exp":1565762,"trade_value_usd_imp":2085839},{"year":"1964","commodity_code":"9703","trade_value_usd_exp":11205490,"trade_value_usd_imp":16680731},{"year":"1964","commodity_code":"9704","trade_value_usd_exp":6662705,"trade_value_usd_imp":19680922},{"year":"1964","commodity_code":"9705","trade_value_usd_exp":5221560,"trade_value_usd_imp":7011274},{"year":"1964","commodity_code":"9706","trade_value_usd_exp":40322294,"trade_value_usd_imp":72263721},{"year":"1964","commodity_code":"9999","trade_value_usd_exp":119936549,"trade_value_usd_imp":139290205}]'
  recorded_at: 2021-08-09 02:56:39 GMT
  recorded_with: vcr/1.0.2, webmockr/0.8.0
